Component: ARM Compiler 5.06 update 6 (build 750) Tool: armlink [4d35ed]

==============================================================================

Section Cross References

    startup_stm32f10x_md.o(RESET) refers to startup_stm32f10x_md.o(STACK) for __initial_sp
    startup_stm32f10x_md.o(RESET) refers to startup_stm32f10x_md.o(.text) for Reset_Handler
    startup_stm32f10x_md.o(RESET) refers to stm32f10x_it.o(i.NMI_Handler) for NMI_Handler
    startup_stm32f10x_md.o(RESET) refers to stm32f10x_it.o(i.HardFault_Handler) for HardFault_Handler
    startup_stm32f10x_md.o(RESET) refers to stm32f10x_it.o(i.MemManage_Handler) for MemManage_Handler
    startup_stm32f10x_md.o(RESET) refers to stm32f10x_it.o(i.BusFault_Handler) for BusFault_Handler
    startup_stm32f10x_md.o(RESET) refers to stm32f10x_it.o(i.UsageFault_Handler) for UsageFault_Handler
    startup_stm32f10x_md.o(RESET) refers to stm32f10x_it.o(i.SVC_Handler) for SVC_Handler
    startup_stm32f10x_md.o(RESET) refers to stm32f10x_it.o(i.DebugMon_Handler) for DebugMon_Handler
    startup_stm32f10x_md.o(RESET) refers to stm32f10x_it.o(i.PendSV_Handler) for PendSV_Handler
    startup_stm32f10x_md.o(RESET) refers to stm32f10x_it.o(i.SysTick_Handler) for SysTick_Handler
    startup_stm32f10x_md.o(RESET) refers to stm32f10x_it.o(i.EXTI9_5_IRQHandler) for EXTI9_5_IRQHandler
    startup_stm32f10x_md.o(RESET) refers to stm32f10x_it.o(i.TIM2_IRQHandler) for TIM2_IRQHandler
    startup_stm32f10x_md.o(.text) refers to system_stm32f10x.o(i.SystemInit) for SystemInit
    startup_stm32f10x_md.o(.text) refers to entry.o(.ARM.Collect$$$$00000000) for __main
    system_stm32f10x.o(i.SetSysClock) refers to system_stm32f10x.o(i.SetSysClockTo72) for SetSysClockTo72
    system_stm32f10x.o(i.SystemCoreClockUpdate) refers to system_stm32f10x.o(.data) for SystemCoreClock
    system_stm32f10x.o(i.SystemInit) refers to system_stm32f10x.o(i.SetSysClock) for SetSysClock
    stm32f10x_adc.o(i.ADC_DeInit) refers to stm32f10x_rcc.o(i.RCC_APB2PeriphResetCmd) for RCC_APB2PeriphResetCmd
    stm32f10x_bkp.o(i.BKP_DeInit) refers to stm32f10x_rcc.o(i.RCC_BackupResetCmd) for RCC_BackupResetCmd
    stm32f10x_can.o(i.CAN_DeInit) refers to stm32f10x_rcc.o(i.RCC_APB1PeriphResetCmd) for RCC_APB1PeriphResetCmd
    stm32f10x_can.o(i.CAN_GetITStatus) refers to stm32f10x_can.o(i.CheckITStatus) for CheckITStatus
    stm32f10x_cec.o(i.CEC_DeInit) refers to stm32f10x_rcc.o(i.RCC_APB1PeriphResetCmd) for RCC_APB1PeriphResetCmd
    stm32f10x_dac.o(i.DAC_DeInit) refers to stm32f10x_rcc.o(i.RCC_APB1PeriphResetCmd) for RCC_APB1PeriphResetCmd
    stm32f10x_flash.o(i.FLASH_EnableWriteProtection) refers to stm32f10x_flash.o(i.FLASH_WaitForLastOperation) for FLASH_WaitForLastOperation
    stm32f10x_flash.o(i.FLASH_EraseAllBank1Pages) refers to stm32f10x_flash.o(i.FLASH_WaitForLastBank1Operation) for FLASH_WaitForLastBank1Operation
    stm32f10x_flash.o(i.FLASH_EraseAllPages) refers to stm32f10x_flash.o(i.FLASH_WaitForLastOperation) for FLASH_WaitForLastOperation
    stm32f10x_flash.o(i.FLASH_EraseOptionBytes) refers to stm32f10x_flash.o(i.FLASH_GetReadOutProtectionStatus) for FLASH_GetReadOutProtectionStatus
    stm32f10x_flash.o(i.FLASH_EraseOptionBytes) refers to stm32f10x_flash.o(i.FLASH_WaitForLastOperation) for FLASH_WaitForLastOperation
    stm32f10x_flash.o(i.FLASH_ErasePage) refers to stm32f10x_flash.o(i.FLASH_WaitForLastOperation) for FLASH_WaitForLastOperation
    stm32f10x_flash.o(i.FLASH_ProgramHalfWord) refers to stm32f10x_flash.o(i.FLASH_WaitForLastOperation) for FLASH_WaitForLastOperation
    stm32f10x_flash.o(i.FLASH_ProgramOptionByteData) refers to stm32f10x_flash.o(i.FLASH_WaitForLastOperation) for FLASH_WaitForLastOperation
    stm32f10x_flash.o(i.FLASH_ProgramWord) refers to stm32f10x_flash.o(i.FLASH_WaitForLastOperation) for FLASH_WaitForLastOperation
    stm32f10x_flash.o(i.FLASH_ReadOutProtection) refers to stm32f10x_flash.o(i.FLASH_WaitForLastOperation) for FLASH_WaitForLastOperation
    stm32f10x_flash.o(i.FLASH_UserOptionByteConfig) refers to stm32f10x_flash.o(i.FLASH_WaitForLastOperation) for FLASH_WaitForLastOperation
    stm32f10x_flash.o(i.FLASH_WaitForLastBank1Operation) refers to stm32f10x_flash.o(i.FLASH_GetBank1Status) for FLASH_GetBank1Status
    stm32f10x_flash.o(i.FLASH_WaitForLastOperation) refers to stm32f10x_flash.o(i.FLASH_GetBank1Status) for FLASH_GetBank1Status
    stm32f10x_gpio.o(i.GPIO_AFIODeInit) refers to stm32f10x_rcc.o(i.RCC_APB2PeriphResetCmd) for RCC_APB2PeriphResetCmd
    stm32f10x_gpio.o(i.GPIO_DeInit) refers to stm32f10x_rcc.o(i.RCC_APB2PeriphResetCmd) for RCC_APB2PeriphResetCmd
    stm32f10x_i2c.o(i.I2C_DeInit) refers to stm32f10x_rcc.o(i.RCC_APB1PeriphResetCmd) for RCC_APB1PeriphResetCmd
    stm32f10x_i2c.o(i.I2C_Init) refers to stm32f10x_rcc.o(i.RCC_GetClocksFreq) for RCC_GetClocksFreq
    stm32f10x_pwr.o(i.PWR_DeInit) refers to stm32f10x_rcc.o(i.RCC_APB1PeriphResetCmd) for RCC_APB1PeriphResetCmd
[...]
    Removing stm32f10x_rcc.o(i.RCC_GetITStatus), (24 bytes).
    Removing stm32f10x_rcc.o(i.RCC_GetSYSCLKSource), (16 bytes).
    Removing stm32f10x_rcc.o(i.RCC_HCLKConfig), (24 bytes).
    Removing stm32f10x_rcc.o(i.RCC_HSEConfig), (76 bytes).
    Removing stm32f10x_rcc.o(i.RCC_HSICmd), (12 bytes).
    Removing stm32f10x_rcc.o(i.RCC_ITConfig), (32 bytes).
    Removing stm32f10x_rcc.o(i.RCC_LSEConfig), (52 bytes).
    Removing stm32f10x_rcc.o(i.RCC_LSICmd), (12 bytes).
    Removing stm32f10x_rcc.o(i.RCC_MCOConfig), (12 bytes).
    Removing stm32f10x_rcc.o(i.RCC_PCLK1Config), (24 bytes).
    Removing stm32f10x_rcc.o(i.RCC_PCLK2Config), (24 bytes).
    Removing stm32f10x_rcc.o(i.RCC_PLLCmd), (12 bytes).
    Removing stm32f10x_rcc.o(i.RCC_PLLConfig), (28 bytes).
    Removing stm32f10x_rcc.o(i.RCC_RTCCLKCmd), (12 bytes).
    Removing stm32f10x_rcc.o(i.RCC_RTCCLKConfig), (16 bytes).
    Removing stm32f10x_rcc.o(i.RCC_SYSCLKConfig), (24 bytes).
    Removing stm32f10x_rcc.o(i.RCC_USBCLKConfig), (12 bytes).
    Removing stm32f10x_rcc.o(i.RCC_WaitForHSEStartUp), (56 bytes).
    Removing stm32f10x_rcc.o(.data), (20 bytes).
    Removing stm32f10x_rtc.o(i.RTC_ClearFlag), (16 bytes).
    Removing stm32f10x_rtc.o(i.RTC_ClearITPendingBit), (16 bytes).
    Removing stm32f10x_rtc.o(i.RTC_EnterConfigMode), (20 bytes).
    Removing stm32f10x_rtc.o(i.RTC_ExitConfigMode), (20 bytes).
    Removing stm32f10x_rtc.o(i.RTC_GetCounter), (44 bytes).
    Removing stm32f10x_rtc.o(i.RTC_GetDivider), (24 bytes).
    Removing stm32f10x_rtc.o(i.RTC_GetFlagStatus), (24 bytes).
    Removing stm32f10x_rtc.o(i.RTC_GetITStatus), (36 bytes).
    Removing stm32f10x_rtc.o(i.RTC_ITConfig), (32 bytes).
    Removing stm32f10x_rtc.o(i.RTC_SetAlarm), (28 bytes).
    Removing stm32f10x_rtc.o(i.RTC_SetCounter), (28 bytes).
    Removing stm32f10x_rtc.o(i.RTC_SetPrescaler), (32 bytes).
    Removing stm32f10x_rtc.o(i.RTC_WaitForLastTask), (20 bytes).
    Removing stm32f10x_rtc.o(i.RTC_WaitForSynchro), (36 bytes).
    Removing stm32f10x_sdio.o(i.SDIO_CEATAITCmd), (16 bytes).
    Removing stm32f10x_sdio.o(i.SDIO_ClearFlag), (12 bytes).
    Removing stm32f10x_sdio.o(i.SDIO_ClearITPendingBit), (12 bytes).
    Removing stm32f10x_sdio.o(i.SDIO_ClockCmd), (12 bytes).
    Removing stm32f10x_sdio.o(i.SDIO_CmdStructInit), (14 bytes).
    Removing stm32f10x_sdio.o(i.SDIO_CommandCompletionCmd), (12 bytes).
    Removing stm32f10x_sdio.o(i.SDIO_DMACmd), (12 bytes).
    Removing stm32f10x_sdio.o(i.SDIO_DataConfig), (48 bytes).
    Removing stm32f10x_sdio.o(i.SDIO_DataStructInit), (20 bytes).
    Removing stm32f10x_sdio.o(i.SDIO_DeInit), (36 bytes).
    Removing stm32f10x_sdio.o(i.SDIO_GetCommandResponse), (12 bytes).
    Removing stm32f10x_sdio.o(i.SDIO_GetDataCounter), (12 bytes).
    Removing stm32f10x_sdio.o(i.SDIO_GetFIFOCount), (12 bytes).
    Removing stm32f10x_sdio.o(i.SDIO_GetFlagStatus), (24 bytes).
    Removing stm32f10x_sdio.o(i.SDIO_GetITStatus), (24 bytes).
    Removing stm32f10x_sdio.o(i.SDIO_GetPowerState), (16 bytes).
    Removing stm32f10x_sdio.o(i.SDIO_GetResponse), (24 bytes).
    Removing stm32f10x_sdio.o(i.SDIO_ITConfig), (32 bytes).
    Removing stm32f10x_sdio.o(i.SDIO_Init), (48 bytes).
    Removing stm32f10x_sdio.o(i.SDIO_ReadData), (12 bytes).
    Removing stm32f10x_sdio.o(i.SDIO_SendCEATACmd), (12 bytes).
    Removing stm32f10x_sdio.o(i.SDIO_SendCommand), (44 bytes).
    Removing stm32f10x_sdio.o(i.SDIO_SendSDIOSuspendCmd), (12 bytes).
    Removing stm32f10x_sdio.o(i.SDIO_SetPowerState), (12 bytes).
    Removing stm32f10x_sdio.o(i.SDIO_SetSDIOOperation), (12 bytes).
    Removing stm32f10x_sdio.o(i.SDIO_SetSDIOReadWaitMode), (12 bytes).
    Removing stm32f10x_sdio.o(i.SDIO_StartSDIOReadWait), (12 bytes).
    Removing stm32f10x_sdio.o(i.SDIO_StopSDIOReadWait), (12 bytes).
    Removing stm32f10x_sdio.o(i.SDIO_StructInit), (16 bytes).
    Removing stm32f10x_sdio.o(i.SDIO_WriteData), (12 bytes).
    Removing stm32f10x_spi.o(i.I2S_Cmd), (24 bytes).
    Removing stm32f10x_spi.o(i.I2S_Init), (232 bytes).
    Removing stm32f10x_spi.o(i.I2S_StructInit), (20 bytes).
    Removing stm32f10x_spi.o(i.SPI_BiDirectionalLineConfig), (28 bytes).
    Removing stm32f10x_spi.o(i.SPI_CalculateCRC), (24 bytes).
    Removing stm32f10x_spi.o(i.SPI_Cmd), (24 bytes).
    Removing stm32f10x_spi.o(i.SPI_DataSizeConfig), (18 bytes).
    Removing stm32f10x_spi.o(i.SPI_GetCRC), (16 bytes).
    Removing stm32f10x_spi.o(i.SPI_GetCRCPolynomial), (6 bytes).
    Removing stm32f10x_spi.o(i.SPI_I2S_ClearFlag), (6 bytes).
    Removing stm32f10x_spi.o(i.SPI_I2S_ClearITPendingBit), (20 bytes).
    Removing stm32f10x_spi.o(i.SPI_I2S_DMACmd), (18 bytes).
    Removing stm32f10x_spi.o(i.SPI_I2S_DeInit), (88 bytes).
    Removing stm32f10x_spi.o(i.SPI_I2S_GetFlagStatus), (18 bytes).
    Removing stm32f10x_spi.o(i.SPI_I2S_GetITStatus), (52 bytes).
    Removing stm32f10x_spi.o(i.SPI_I2S_ITConfig), (32 bytes).
    Removing stm32f10x_spi.o(i.SPI_I2S_ReceiveData), (6 bytes).
    Removing stm32f10x_spi.o(i.SPI_I2S_SendData), (4 bytes).
    Removing stm32f10x_spi.o(i.SPI_Init), (60 bytes).
    Removing stm32f10x_spi.o(i.SPI_NSSInternalSoftwareConfig), (30 bytes).
    Removing stm32f10x_spi.o(i.SPI_SSOutputCmd), (24 bytes).
    Removing stm32f10x_spi.o(i.SPI_StructInit), (24 bytes).
    Removing stm32f10x_spi.o(i.SPI_TransmitCRC), (10 bytes).
    Removing stm32f10x_tim.o(i.TI1_Config), (128 bytes).
    Removing stm32f10x_tim.o(i.TI2_Config), (152 bytes).
    Removing stm32f10x_tim.o(i.TI3_Config), (144 bytes).
    Removing stm32f10x_tim.o(i.TI4_Config), (152 bytes).
    Removing stm32f10x_tim.o(i.TIM_ARRPreloadConfig), (24 bytes).
    Removing stm32f10x_tim.o(i.TIM_BDTRConfig), (32 bytes).
    Removing stm32f10x_tim.o(i.TIM_BDTRStructInit), (18 bytes).
    Removing stm32f10x_tim.o(i.TIM_CCPreloadControl), (24 bytes).
    Removing stm32f10x_tim.o(i.TIM_CCxCmd), (30 bytes).
    Removing stm32f10x_tim.o(i.TIM_CCxNCmd), (30 bytes).
    Removing stm32f10x_tim.o(i.TIM_ClearOC1Ref), (18 bytes).
    Removing stm32f10x_tim.o(i.TIM_ClearOC2Ref), (24 bytes).
    Removing stm32f10x_tim.o(i.TIM_ClearOC3Ref), (18 bytes).
    Removing stm32f10x_tim.o(i.TIM_ClearOC4Ref), (24 bytes).
    Removing stm32f10x_tim.o(i.TIM_CounterModeConfig), (18 bytes).
    Removing stm32f10x_tim.o(i.TIM_CtrlPWMOutputs), (30 bytes).
    Removing stm32f10x_tim.o(i.TIM_DMACmd), (18 bytes).
    Removing stm32f10x_tim.o(i.TIM_DMAConfig), (10 bytes).
    Removing stm32f10x_tim.o(i.TIM_DeInit), (488 bytes).
    Removing stm32f10x_tim.o(i.TIM_ETRClockMode1Config), (54 bytes).
    Removing stm32f10x_tim.o(i.TIM_ETRClockMode2Config), (32 bytes).
    Removing stm32f10x_tim.o(i.TIM_ETRConfig), (28 bytes).
    Removing stm32f10x_tim.o(i.TIM_EncoderInterfaceConfig), (66 bytes).
    Removing stm32f10x_tim.o(i.TIM_ForcedOC1Config), (18 bytes).
    Removing stm32f10x_tim.o(i.TIM_ForcedOC2Config), (26 bytes).
    Removing stm32f10x_tim.o(i.TIM_ForcedOC3Config), (18 bytes).
    Removing stm32f10x_tim.o(i.TIM_ForcedOC4Config), (26 bytes).
    Removing stm32f10x_tim.o(i.TIM_GenerateEvent), (4 bytes).
    Removing stm32f10x_tim.o(i.TIM_GetCapture1), (6 bytes).
    Removing stm32f10x_tim.o(i.TIM_GetCapture2), (6 bytes).
    Removing stm32f10x_tim.o(i.TIM_GetCapture3), (6 bytes).
    Removing stm32f10x_tim.o(i.TIM_GetCapture4), (8 bytes).
    Removing stm32f10x_tim.o(i.TIM_GetCounter), (6 bytes).
    Removing stm32f10x_tim.o(i.TIM_GetFlagStatus), (18 bytes).
    Removing stm32f10x_tim.o(i.TIM_GetITStatus), (34 bytes).
    Removing stm32f10x_tim.o(i.TIM_GetPrescaler), (6 bytes).
    Removing stm32f10x_tim.o(i.TIM_ICInit), (172 bytes).
    Removing stm32f10x_tim.o(i.TIM_ICStructInit), (18 bytes).
    Removing stm32f10x_tim.o(i.TIM_ITRxExternalClockConfig), (24 bytes).
    Removing stm32f10x_tim.o(i.TIM_InternalClockConfig), (12 bytes).
    Removing stm32f10x_tim.o(i.TIM_OC1FastConfig), (18 bytes).
    Removing stm32f10x_tim.o(i.TIM_OC1Init), (152 bytes).
    Removing stm32f10x_tim.o(i.TIM_OC1NPolarityConfig), (18 bytes).
    Removing stm32f10x_tim.o(i.TIM_OC1PolarityConfig), (18 bytes).
    Removing stm32f10x_tim.o(i.TIM_OC1PreloadConfig), (18 bytes).
    Removing stm32f10x_tim.o(i.TIM_OC2FastConfig), (26 bytes).
    Removing stm32f10x_tim.o(i.TIM_OC2Init), (164 bytes).
    Removing stm32f10x_tim.o(i.TIM_OC2NPolarityConfig), (26 bytes).
    Removing stm32f10x_tim.o(i.TIM_OC2PolarityConfig), (26 bytes).
    Removing stm32f10x_tim.o(i.TIM_OC2PreloadConfig), (26 bytes).
    Removing stm32f10x_tim.o(i.TIM_OC3FastConfig), (18 bytes).
    Removing stm32f10x_tim.o(i.TIM_OC3Init), (160 bytes).
    Removing stm32f10x_tim.o(i.TIM_OC3NPolarityConfig), (26 bytes).
    Removing stm32f10x_tim.o(i.TIM_OC3PolarityConfig), (26 bytes).
    Removing stm32f10x_tim.o(i.TIM_OC3PreloadConfig), (18 bytes).
    Removing stm32f10x_tim.o(i.TIM_OC4FastConfig), (26 bytes).
    Removing stm32f10x_tim.o(i.TIM_OC4Init), (124 bytes).
    Removing stm32f10x_tim.o(i.TIM_OC4PolarityConfig), (26 bytes).
    Removing stm32f10x_tim.o(i.TIM_OC4PreloadConfig), (26 bytes).
    Removing stm32f10x_tim.o(i.TIM_OCStructInit), (20 bytes).
    Removing stm32f10x_tim.o(i.TIM_PWMIConfig), (124 bytes).
    Removing stm32f10x_tim.o(i.TIM_PrescalerConfig), (6 bytes).
    Removing stm32f10x_tim.o(i.TIM_SelectCCDMA), (24 bytes).
    Removing stm32f10x_tim.o(i.TIM_SelectCOM), (24 bytes).
    Removing stm32f10x_tim.o(i.TIM_SelectHallSensor), (24 bytes).
    Removing stm32f10x_tim.o(i.TIM_SelectInputTrigger), (18 bytes).
    Removing stm32f10x_tim.o(i.TIM_SelectMasterSlaveMode), (18 bytes).
    Removing stm32f10x_tim.o(i.TIM_SelectOCxM), (82 bytes).
    Removing stm32f10x_tim.o(i.TIM_SelectOnePulseMode), (18 bytes).
    Removing stm32f10x_tim.o(i.TIM_SelectOutputTrigger), (18 bytes).
    Removing stm32f10x_tim.o(i.TIM_SelectSlaveMode), (18 bytes).
    Removing stm32f10x_tim.o(i.TIM_SetAutoreload), (4 bytes).
    Removing stm32f10x_tim.o(i.TIM_SetClockDivision), (18 bytes).
    Removing stm32f10x_tim.o(i.TIM_SetCompare1), (4 bytes).
    Removing stm32f10x_tim.o(i.TIM_SetCompare2), (4 bytes).
    Removing stm32f10x_tim.o(i.TIM_SetCompare3), (4 bytes).
    Removing stm32f10x_tim.o(i.TIM_SetCompare4), (6 bytes).
    Removing stm32f10x_tim.o(i.TIM_SetCounter), (4 bytes).
    Removing stm32f10x_tim.o(i.TIM_SetIC1Prescaler), (18 bytes).
    Removing stm32f10x_tim.o(i.TIM_SetIC2Prescaler), (26 bytes).
    Removing stm32f10x_tim.o(i.TIM_SetIC3Prescaler), (18 bytes).
    Removing stm32f10x_tim.o(i.TIM_SetIC4Prescaler), (26 bytes).
    Removing stm32f10x_tim.o(i.TIM_TIxExternalClockConfig), (62 bytes).
    Removing stm32f10x_tim.o(i.TIM_TimeBaseStructInit), (18 bytes).
    Removing stm32f10x_tim.o(i.TIM_UpdateDisableConfig), (24 bytes).
    Removing stm32f10x_tim.o(i.TIM_UpdateRequestConfig), (24 bytes).
    Removing stm32f10x_usart.o(i.USART_ClearFlag), (18 bytes).
    Removing stm32f10x_usart.o(i.USART_ClearITPendingBit), (30 bytes).
    Removing stm32f10x_usart.o(i.USART_ClockInit), (34 bytes).
    Removing stm32f10x_usart.o(i.USART_ClockStructInit), (12 bytes).
    Removing stm32f10x_usart.o(i.USART_Cmd), (24 bytes).
    Removing stm32f10x_usart.o(i.USART_DMACmd), (18 bytes).
    Removing stm32f10x_usart.o(i.USART_DeInit), (156 bytes).
    Removing stm32f10x_usart.o(i.USART_GetFlagStatus), (26 bytes).
    Removing stm32f10x_usart.o(i.USART_GetITStatus), (84 bytes).
    Removing stm32f10x_usart.o(i.USART_HalfDuplexCmd), (24 bytes).
    Removing stm32f10x_usart.o(i.USART_ITConfig), (74 bytes).
    Removing stm32f10x_usart.o(i.USART_Init), (216 bytes).
    Removing stm32f10x_usart.o(i.USART_IrDACmd), (24 bytes).
    Removing stm32f10x_usart.o(i.USART_IrDAConfig), (18 bytes).
    Removing stm32f10x_usart.o(i.USART_LINBreakDetectLengthConfig), (18 bytes).
    Removing stm32f10x_usart.o(i.USART_LINCmd), (24 bytes).
    Removing stm32f10x_usart.o(i.USART_OneBitMethodCmd), (24 bytes).
    Removing stm32f10x_usart.o(i.USART_OverSampling8Cmd), (22 bytes).
    Removing stm32f10x_usart.o(i.USART_ReceiveData), (10 bytes).
    Removing stm32f10x_usart.o(i.USART_ReceiverWakeUpCmd), (24 bytes).
    Removing stm32f10x_usart.o(i.USART_SendBreak), (10 bytes).
    Removing stm32f10x_usart.o(i.USART_SendData), (8 bytes).
    Removing stm32f10x_usart.o(i.USART_SetAddress), (18 bytes).
    Removing stm32f10x_usart.o(i.USART_SetGuardTime), (16 bytes).
    Removing stm32f10x_usart.o(i.USART_SetPrescaler), (16 bytes).
    Removing stm32f10x_usart.o(i.USART_SmartCardCmd), (24 bytes).
    Removing stm32f10x_usart.o(i.USART_SmartCardNACKCmd), (24 bytes).
    Removing stm32f10x_usart.o(i.USART_StructInit), (24 bytes).
    Removing stm32f10x_usart.o(i.USART_WakeUpConfig), (18 bytes).
    Removing stm32f10x_wwdg.o(i.WWDG_ClearFlag), (12 bytes).
    Removing stm32f10x_wwdg.o(i.WWDG_DeInit), (22 bytes).
    Removing stm32f10x_wwdg.o(i.WWDG_Enable), (16 bytes).
    Removing stm32f10x_wwdg.o(i.WWDG_EnableIT), (12 bytes).
    Removing stm32f10x_wwdg.o(i.WWDG_GetFlagStatus), (12 bytes).
    Removing stm32f10x_wwdg.o(i.WWDG_SetCounter), (16 bytes).
    Removing stm32f10x_wwdg.o(i.WWDG_SetPrescaler), (24 bytes).
    Removing stm32f10x_wwdg.o(i.WWDG_SetWindowValue), (40 bytes).
    Removing bsp_iic_debug.o(.bss), (16 bytes).
    Removing led_extension.o(i.Led_Flash_R), (12 bytes).
    Removing random.o(i.Random_Next), (32 bytes).

450 unused section(s) (total 18052 bytes) removed from the image.

==============================================================================

Image Symbol Table

    Local Symbols

    Symbol Name                              Value     Ov Type        Size  Object(Section)

    ../clib/../cmprslib/zerorunl2.c          0x00000000   Number         0  __dczerorl2.o ABSOLUTE
    ../clib/microlib/errno.c                 0x00000000   Number         0  errno.o ABSOLUTE
    ../clib/microlib/init/entry.s            0x00000000   Number         0  entry7b.o ABSOLUTE
    ../clib/microlib/init/entry.s            0x00000000   Number         0  entry9a.o ABSOLUTE
    ../clib/microlib/init/entry.s            0x00000000   Number         0  entry10b.o ABSOLUTE
    ../clib/microlib/init/entry.s            0x00000000   Number         0  entry7a.o ABSOLUTE
    ../clib/microlib/init/entry.s            0x00000000   Number         0  entry11b.o ABSOLUTE
    ../clib/microlib/init/entry.s            0x00000000   Number         0  entry2.o ABSOLUTE
    ../clib/microlib/init/entry.s            0x00000000   Number         0  entry11a.o ABSOLUTE
    ../clib/microlib/init/entry.s            0x00000000   Number         0  entry5.o ABSOLUTE
    ../clib/microlib/init/entry.s            0x00000000   Number         0  entry.o ABSOLUTE
    ../clib/microlib/init/entry.s            0x00000000   Number         0  entry10a.o ABSOLUTE
    ../clib/microlib/init/entry.s            0x00000000   Number         0  entry8a.o ABSOLUTE
    ../clib/microlib/init/entry.s            0x00000000   Number         0  entry8b.o ABSOLUTE
    ../clib/microlib/init/entry.s            0x00000000   Number         0  entry9b.o ABSOLUTE
    ../clib/microlib/longlong.c              0x00000000   Number         0  llshl.o ABSOLUTE
    ../clib/microlib/longlong.c              0x00000000   Number         0  llushr.o ABSOLUTE
    ../clib/microlib/longlong.c              0x00000000   Number         0  llsshr.o ABSOLUTE
    ../clib/microlib/malloc/malloc.c         0x00000000   Number         0  malloc.o ABSOLUTE
    ../clib/microlib/malloc/malloc.c         0x00000000   Number         0  mallocr.o ABSOLUTE
    ../clib/microlib/malloc/malloc.c         0x00000000   Number         0  malloca.o ABSOLUTE
    ../clib/microlib/malloc/malloc.c         0x00000000   Number         0  mallocra.o ABSOLUTE
    ../clib/microlib/malloc/mvars.c          0x00000000   Number         0  mvars.o ABSOLUTE
    ../clib/microlib/stdlib/rand.c           0x00000000   Number         0  rand.o ABSOLUTE
    ../clib/microlib/string/memcpy.c         0x00000000   Number         0  memcpyb.o ABSOLUTE
    ../clib/microlib/string/memcpy.c         0x00000000   Number         0  memcpya.o ABSOLUTE
    ../clib/microlib/stubs.s                 0x00000000   Number         0  iusefp.o ABSOLUTE
    ../fplib/microlib/fpadd.c                0x00000000   Number         0  dadd.o ABSOLUTE
    ../fplib/microlib/fpdiv.c                0x00000000   Number         0  ddiv.o ABSOLUTE
    ../fplib/microlib/fpepilogue.c           0x00000000   Number         0  depilogue.o ABSOLUTE
    ../fplib/microlib/fpfix.c                0x00000000   Number         0  dfixui.o ABSOLUTE
    ../fplib/microlib/fpflt.c                0x00000000   Number         0  dflti.o ABSOLUTE
    ../fplib/microlib/fpflt.c                0x00000000   Number         0  dfltui.o ABSOLUTE
    ../fplib/microlib/fpmul.c                0x00000000   Number         0  dmul.o ABSOLUTE
    ../fplib/microlib/fpscalb.c              0x00000000   Number         0  dscalb.o ABSOLUTE
    ../fplib/microlib/fpsqrt.c               0x00000000   Number         0  dsqrt.o ABSOLUTE
    ../mathlib/dunder.c                      0x00000000   Number         0  dunder.o ABSOLUTE
    ../mathlib/fpclassify.c                  0x00000000   Number         0  fpclassify.o ABSOLUTE
    ../mathlib/log.c                         0x00000000   Number         0  log.o ABSOLUTE
    ../mathlib/log.c                         0x00000000   Number         0  log_x.o ABSOLUTE
    ../mathlib/log10.c                       0x00000000   Number         0  log10_x.o ABSOLUTE
    ../mathlib/log10.c                       0x00000000   Number         0  log10.o ABSOLUTE
    ../mathlib/poly.c                        0x00000000   Number         0  poly.o ABSOLUTE
    ../mathlib/pow.c                         0x00000000   Number         0  pow_x.o ABSOLUTE
    ../mathlib/pow.c                         0x00000000   Number         0  pow.o ABSOLUTE
    ../mathlib/qnan.c                        0x00000000   Number         0  qnan.o ABSOLUTE
    ../mathlib/sqrt.c                        0x00000000   Number         0  sqrt.o ABSOLUTE
    ../mathlib/sqrt.c                        0x00000000   Number         0  sqrt_x.o ABSOLUTE
    ..\Libraries\CMSIS\CM3\DeviceSupport\ST\STM32F10x\startup\arm\startup_stm32f10x_md.s 0x00000000   Number         0  startup_stm32f10x_md.o ABSOLUTE
    ..\Libraries\STM32F10x_StdPeriph_Driver\src\misc.c 0x00000000   Number         0  misc.o ABSOLUTE
    ..\Libraries\STM32F10x_StdPeriph_Driver\src\stm32f10x_adc.c 0x00000000   Number         0  stm32f10x_adc.o ABSOLUTE
    ..\Libraries\STM32F10x_StdPeriph_Driver\src\stm32f10x_bkp.c 0x00000000   Number         0  stm32f10x_bkp.o ABSOLUTE
    ..\Libraries\STM32F10x_StdPeriph_Driver\src\stm32f10x_can.c 0x00000000   Number         0  stm32f10x_can.o ABSOLUTE
    ..\Libraries\STM32F10x_StdPeriph_Driver\src\stm32f10x_cec.c 0x00000000   Number         0  stm32f10x_cec.o ABSOLUTE
    ..\Libraries\STM32F10x_StdPeriph_Driver\src\stm32f10x_crc.c 0x00000000   Number         0  stm32f10x_crc.o ABSOLUTE
    ..\Libraries\STM32F10x_StdPeriph_Driver\src\stm32f10x_dac.c 0x00000000   Number         0  stm32f10x_dac.o ABSOLUTE
    ..\Libraries\STM32F10x_StdPeriph_Driver\src\stm32f10x_dbgmcu.c 0x00000000   Number         0  stm32f10x_dbgmcu.o ABSOLUTE
    ..\Libraries\STM32F10x_StdPeriph_Driver\src\stm32f10x_dma.c 0x00000000   Number         0  stm32f10x_dma.o ABSOLUTE
    ..\Libraries\STM32F10x_StdPeriph_Driver\src\stm32f10x_exti.c 0x00000000   Number         0  stm32f10x_exti.o ABSOLUTE
    ..\Libraries\STM32F10x_StdPeriph_Driver\src\stm32f10x_flash.c 0x00000000   Number         0  stm32f10x_flash.o ABSOLUTE
    ..\Libraries\STM32F10x_StdPeriph_Driver\src\stm32f10x_fsmc.c 0x00000000   Number         0  stm32f10x_fsmc.o ABSOLUTE
    ..\Libraries\STM32F10x_StdPeriph_Driver\src\stm32f10x_gpio.c 0x00000000   Number         0  stm32f10x_gpio.o ABSOLUTE
    ..\Libraries\STM32F10x_StdPeriph_Driver\src\stm32f10x_i2c.c 0x00000000   Number         0  stm32f10x_i2c.o ABSOLUTE
    ..\Libraries\STM32F10x_StdPeriph_Driver\src\stm32f10x_iwdg.c 0x00000000   Number         0  stm32f10x_iwdg.o ABSOLUTE
    ..\Libraries\STM32F10x_StdPeriph_Driver\src\stm32f10x_pwr.c 0x00000000   Number         0  stm32f10x_pwr.o ABSOLUTE
    ..\Libraries\STM32F10x_StdPeriph_Driver\src\stm32f10x_rcc.c 0x00000000   Number         0  stm32f10x_rcc.o ABSOLUTE
    ..\Libraries\STM32F10x_StdPeriph_Driver\src\stm32f10x_rtc.c 0x00000000   Number         0  stm32f10x_rtc.o ABSOLUTE
    ..\Libraries\STM32F10x_StdPeriph_Driver\src\stm32f10x_sdio.c 0x00000000   Number         0  stm32f10x_sdio.o ABSOLUTE
    ..\Libraries\STM32F10x_StdPeriph_Driver\src\stm32f10x_spi.c 0x00000000   Number         0  stm32f10x_spi.o ABSOLUTE
    ..\Libraries\STM32F10x_StdPeriph_Driver\src\stm32f10x_tim.c 0x00000000   Number         0  stm32f10x_tim.o ABSOLUTE
    ..\Libraries\STM32F10x_StdPeriph_Driver\src\stm32f10x_usart.c 0x00000000   Number         0  stm32f10x_usart.o ABSOLUTE
    ..\Libraries\STM32F10x_StdPeriph_Driver\src\stm32f10x_wwdg.c 0x00000000   Number         0  stm32f10x_wwdg.o ABSOLUTE
    ..\User\adc\adcmod.c                     0x00000000   Number         0  adcmod.o ABSOLUTE
    ..\User\gui\gui.c                        0x00000000   Number         0  gui.o ABSOLUTE
    ..\User\iic\bsp_iic_debug.c              0x00000000   Number         0  bsp_iic_debug.o ABSOLUTE
    ..\User\input\input.c                    0x00000000   Number         0  input.o ABSOLUTE
    ..\User\input\paj7620u2.c                0x00000000   Number         0  paj7620u2.o ABSOLUTE
    ..\User\led\bsp_gpio_led.c               0x00000000   Number         0  bsp_gpio_led.o ABSOLUTE
    ..\User\led\led_extension.c              0x00000000   Number         0  led_extension.o ABSOLUTE
    ..\User\main.c                           0x00000000   Number         0  main.o ABSOLUTE
    ..\User\oled\oled.c                      0x00000000   Number         0  oled.o ABSOLUTE
    ..\User\random\random.c                  0x00000000   Number         0  random.o ABSOLUTE
    ..\User\stm32f10x_it.c                   0x00000000   Number         0  stm32f10x_it.o ABSOLUTE
    ..\User\system_stm32f10x.c               0x00000000   Number         0  system_stm32f10x.o ABSOLUTE
    ..\User\systick\bsp_systick.c            0x00000000   Number         0  bsp_systick.o ABSOLUTE
    ..\User\tetris.c                         0x00000000   Number         0  tetris.o ABSOLUTE
    ..\User\tim2\tim2.c                      0x00000000   Number         0  tim2.o ABSOLUTE
    cdcmple.s                                0x00000000   Number         0  cdcmple.o ABSOLUTE
    cdrcmple.s                               0x00000000   Number         0  cdrcmple.o ABSOLUTE
    dc.s                                     0x00000000   Number         0  dc.o ABSOLUTE
    handlers.s                               0x00000000   Number         0  handlers.o ABSOLUTE
    init.s                                   0x00000000   Number         0  init.o ABSOLUTE
    RESET                                    0x08000000   Section      236  startup_stm32f10x_md.o(RESET)
    .ARM.Collect$$$$00000000                 0x080000ec   Section        0  entry.o(.ARM.Collect$$$$00000000)
    .ARM.Collect$$$$00000001                 0x080000ec   Section        4  entry2.o(.ARM.Collect$$$$00000001)
    .ARM.Collect$$$$00000004                 0x080000f0   Section        4  entry5.o(.ARM.Collect$$$$00000004)
    .ARM.Collect$$$$00000008                 0x080000f4   Section        0  entry7b.o(.ARM.Collect$$$$00000008)
    .ARM.Collect$$$$0000000A                 0x080000f4   Section        0  entry8b.o(.ARM.Collect$$$$0000000A)
    .ARM.Collect$$$$0000000B                 0x080000f4   Section        8  entry9a.o(.ARM.Collect$$$$0000000B)
    .ARM.Collect$$$$0000000D                 0x080000fc   Section        0  entry10a.o(.ARM.Collect$$$$0000000D)
    .ARM.Collect$$$$0000000F                 0x080000fc   Section        0  entry11a.o(.ARM.Collect$$$$0000000F)
    .ARM.Collect$$$$00002712                 0x080000fc   Section        4  entry2.o(.ARM.Collect$$$$00002712)
    __lit__00000000                          0x080000fc   Data           4  entry2.o(.ARM.Collect$$$$00002712)
    .text                                    0x08000100   Section       36  startup_stm32f10x_md.o(.text)
    .text                                    0x08000124   Section        0  llshl.o(.text)
    .text                                    0x08000144   Section        0  rand.o(.text)
    .text                                    0x08000168   Section        0  dadd.o(.text)
    .text                                    0x080002b6   Section        0  dmul.o(.text)
    .text                                    0x0800039a   Section        0  ddiv.o(.text)
    .text                                    0x08000478   Section        0  dflti.o(.text)
    .text                                    0x0800049a   Section        0  dfltui.o(.text)
    .text                                    0x080004b4   Section        0  dfixui.o(.text)
    .text                                    0x080004e6   Section        0  llushr.o(.text)
    .text                                    0x08000506   Section        0  llsshr.o(.text)
    .text                                    0x0800052a   Section        0  depilogue.o(.text)
    .text                                    0x0800052a   Section        0  iusefp.o(.text)
    .text                                    0x080005e4   Section        0  dscalb.o(.text)
    .text                                    0x08000614   Section       48  cdrcmple.o(.text)
    .text                                    0x08000644   Section       36  init.o(.text)
    .text                                    0x08000668   Section        0  dsqrt.o(.text)
    .text                                    0x0800070c   Section       48  cdcmple.o(.text)
    .text                                    0x0800073c   Section        0  __dczerorl2.o(.text)
    i.ADCMod_GetKnob                         0x08000794   Section        0  adcmod.o(i.ADCMod_GetKnob)
    i.ADCMod_GetRandom                       0x080007d8   Section        0  adcmod.o(i.ADCMod_GetRandom)
    i.ADCMod_Init                            0x08000820   Section        0  adcmod.o(i.ADCMod_Init)
    i.ADC_ClearFlag                          0x08000904   Section        0  stm32f10x_adc.o(i.ADC_ClearFlag)
    i.ADC_Cmd                                0x0800090a   Section        0  stm32f10x_adc.o(i.ADC_Cmd)
    i.ADC_GetCalibrationStatus               0x08000920   Section        0  stm32f10x_adc.o(i.ADC_GetCalibrationStatus)
    i.ADC_GetConversionValue                 0x08000934   Section        0  stm32f10x_adc.o(i.ADC_GetConversionValue)
    i.ADC_GetFlagStatus                      0x0800093c   Section        0  stm32f10x_adc.o(i.ADC_GetFlagStatus)
    i.ADC_GetResetCalibrationStatus          0x0800094e   Section        0  stm32f10x_adc.o(i.ADC_GetResetCalibrationStatus)
    i.ADC_Init                               0x08000964   Section        0  stm32f10x_adc.o(i.ADC_Init)
    i.ADC_RegularChannelConfig               0x080009b4   Section        0  stm32f10x_adc.o(i.ADC_RegularChannelConfig)
    i.ADC_ResetCalibration                   0x08000a6c   Section        0  stm32f10x_adc.o(i.ADC_ResetCalibration)
    i.ADC_SoftwareStartConvCmd               0x08000a76   Section        0  stm32f10x_adc.o(i.ADC_SoftwareStartConvCmd)
    i.ADC_StartCalibration                   0x08000a8c   Section        0  stm32f10x_adc.o(i.ADC_StartCalibration)
    i.BusFault_Handler                       0x08000a96   Section        0  stm32f10x_it.o(i.BusFault_Handler)
    i.Button_HandleInt                       0x08000a9c   Section        0  input.o(i.Button_HandleInt)
    i.Button_Init                            0x08000aa8   Section        0  input.o(i.Button_Init)
    Button_Init                              0x08000aa9   Thumb Code    96  input.o(i.Button_Init)
    i.DebugMon_Handler                       0x08000b0c   Section        0  stm32f10x_it.o(i.DebugMon_Handler)
    i.Delay_1ms                              0x08000b10   Section        0  bsp_systick.o(i.Delay_1ms)
    i.EXTI9_5_IRQHandler                     0x08000b28   Section        0  stm32f10x_it.o(i.EXTI9_5_IRQHandler)
    i.EXTI_ClearITPendingBit                 0x08000b5c   Section        0  stm32f10x_exti.o(i.EXTI_ClearITPendingBit)
    i.EXTI_GetITStatus                       0x08000b68   Section        0  stm32f10x_exti.o(i.EXTI_GetITStatus)
    i.EXTI_Init                              0x08000b90   Section        0  stm32f10x_exti.o(i.EXTI_Init)
    i.GPIO_EXTILineConfig                    0x08000c24   Section        0  stm32f10x_gpio.o(i.GPIO_EXTILineConfig)
    i.GPIO_Init                              0x08000c64   Section        0  stm32f10x_gpio.o(i.GPIO_Init)
    i.GPIO_ResetBits                         0x08000d7a   Section        0  stm32f10x_gpio.o(i.GPIO_ResetBits)
    i.GPIO_SetBits                           0x08000d7e   Section        0  stm32f10x_gpio.o(i.GPIO_SetBits)
    i.GUI_Gameover                           0x08000d84   Section        0  gui.o(i.GUI_Gameover)
    i.GUI_Start                              0x08000de0   Section        0  gui.o(i.GUI_Start)
    i.GUI_TimHandler                         0x08000e5c   Section        0  gui.o(i.GUI_TimHandler)
    i.HardFault_Handler                      0x08000e68   Section        0  stm32f10x_it.o(i.HardFault_Handler)
    i.IIC_ACK                                0x08000e6c   Section        0  bsp_iic_debug.o(i.IIC_ACK)
    i.IIC_Delay                              0x08000eac   Section        0  bsp_iic_debug.o(i.IIC_Delay)
    IIC_Delay                                0x08000ead   Thumb Code    14  bsp_iic_debug.o(i.IIC_Delay)
    i.IIC_GPIO_Config                        0x08000ebc   Section        0  bsp_iic_debug.o(i.IIC_GPIO_Config)
    i.IIC_ReciveByte                         0x08000ee8   Section        0  bsp_iic_debug.o(i.IIC_ReciveByte)
    i.IIC_SendByte                           0x08000f2c   Section        0  bsp_iic_debug.o(i.IIC_SendByte)
    i.IIC_Start                              0x08000f88   Section        0  bsp_iic_debug.o(i.IIC_Start)
    i.IIC_Stop                               0x08000fb4   Section        0  bsp_iic_debug.o(i.IIC_Stop)
    i.IIC_Wait_ACK                           0x08000fd8   Section        0  bsp_iic_debug.o(i.IIC_Wait_ACK)
    i.Input_Init                             0x08001018   Section        0  input.o(i.Input_Init)
    i.Input_Pop                              0x08001024   Section        0  input.o(i.Input_Pop)
    i.LED_GPIO_Config                        0x08001044   Section        0  bsp_gpio_led.o(i.LED_GPIO_Config)
    i.LED_OFF                                0x080010d0   Section        0  bsp_gpio_led.o(i.LED_OFF)
    i.LED_ON                                 0x080010e0   Section        0  bsp_gpio_led.o(i.LED_ON)
    i.LedExtension_TimHandler                0x080010f0   Section        0  led_extension.o(i.LedExtension_TimHandler)
    i.Led_Flash_B                            0x080011b4   Section        0  led_extension.o(i.Led_Flash_B)
    i.Led_Flash_G                            0x080011c0   Section        0  led_extension.o(i.Led_Flash_G)
    i.MemManage_Handler                      0x080011cc   Section        0  stm32f10x_it.o(i.MemManage_Handler)
    i.NMI_Handler                            0x080011d0   Section        0  stm32f10x_it.o(i.NMI_Handler)
    i.NVIC_Init                              0x080011d4   Section        0  misc.o(i.NVIC_Init)
    i.NVIC_PriorityGroupConfig               0x08001244   Section        0  misc.o(i.NVIC_PriorityGroupConfig)
    i.OLED_DrawPic                           0x08001258   Section        0  oled.o(i.OLED_DrawPic)
    i.OLED_ForceUpdateScreen                 0x08001388   Section        0  oled.o(i.OLED_ForceUpdateScreen)
    i.OLED_Initialize                        0x080013b8   Section        0  oled.o(i.OLED_Initialize)
    i.OLED_UpdateScreen                      0x08001560   Section        0  oled.o(i.OLED_UpdateScreen)
    i.PAJ7620U2_GestureInit                  0x080016b0   Section        0  paj7620u2.o(i.PAJ7620U2_GestureInit)
    PAJ7620U2_GestureInit                    0x080016b1   Thumb Code   182  paj7620u2.o(i.PAJ7620U2_GestureInit)
    i.PAJ7620U2_GetInput                     0x0800176c   Section        0  paj7620u2.o(i.PAJ7620U2_GetInput)
    i.PAJ7620U2_HandleInt                    0x08001828   Section        0  paj7620u2.o(i.PAJ7620U2_HandleInt)
    i.PAJ7620U2_I2CInit                      0x08001834   Section        0  paj7620u2.o(i.PAJ7620U2_I2CInit)
    PAJ7620U2_I2CInit                        0x08001835   Thumb Code   182  paj7620u2.o(i.PAJ7620U2_I2CInit)
    i.PAJ7620U2_Init                         0x080018f0   Section        0  paj7620u2.o(i.PAJ7620U2_Init)
    i.PAJ7620U2_IntInit                      0x08001938   Section        0  paj7620u2.o(i.PAJ7620U2_IntInit)
    PAJ7620U2_IntInit                        0x08001939   Thumb Code    96  paj7620u2.o(i.PAJ7620U2_IntInit)
    i.PAJ7620U2_Wakeup                       0x0800199c   Section        0  paj7620u2.o(i.PAJ7620U2_Wakeup)
    PAJ7620U2_Wakeup                         0x0800199d   Thumb Code   158  paj7620u2.o(i.PAJ7620U2_Wakeup)
    i.PendSV_Handler                         0x08001a3a   Section        0  stm32f10x_it.o(i.PendSV_Handler)
    i.Program_EXTI_Init                      0x08001a3c   Section        0  main.o(i.Program_EXTI_Init)
    Program_EXTI_Init                        0x08001a3d   Thumb Code    28  main.o(i.Program_EXTI_Init)
    i.RCC_APB1PeriphClockCmd                 0x08001a58   Section        0  stm32f10x_rcc.o(i.RCC_APB1PeriphClockCmd)
    i.RCC_APB2PeriphClockCmd                 0x08001a78   Section        0  stm32f10x_rcc.o(i.RCC_APB2PeriphClockCmd)
    i.Random_Init                            0x08001a98   Section        0  random.o(i.Random_Init)
    i.Random_Shuffle                         0x08001aa8   Section        0  random.o(i.Random_Shuffle)
    i.SVC_Handler                            0x08001b3a   Section        0  stm32f10x_it.o(i.SVC_Handler)
    i.SetSysClock                            0x08001b3c   Section        0  system_stm32f10x.o(i.SetSysClock)
    SetSysClock                              0x08001b3d   Thumb Code     8  system_stm32f10x.o(i.SetSysClock)
    i.SetSysClockTo72                        0x08001b44   Section        0  system_stm32f10x.o(i.SetSysClockTo72)
    SetSysClockTo72                          0x08001b45   Thumb Code   214  system_stm32f10x.o(i.SetSysClockTo72)
    i.SysTick_Handler                        0x08001c24   Section        0  stm32f10x_it.o(i.SysTick_Handler)
    i.SystemInit                             0x08001c2c   Section        0  system_stm32f10x.o(i.SystemInit)
    i.Systick_Init                           0x08001c8c   Section        0  bsp_systick.o(i.Systick_Init)
    i.TIM2_IRQHandler                        0x08001cf4   Section        0  stm32f10x_it.o(i.TIM2_IRQHandler)
    i.TIM2_Init                              0x08001d04   Section        0  tim2.o(i.TIM2_Init)
    i.TIM2_IntHandler                        0x08001d6c   Section        0  tim2.o(i.TIM2_IntHandler)
    i.TIM_ClearFlag                          0x08001d7c   Section        0  stm32f10x_tim.o(i.TIM_ClearFlag)
    i.TIM_ClearITPendingBit                  0x08001d82   Section        0  stm32f10x_tim.o(i.TIM_ClearITPendingBit)
    i.TIM_Cmd                                0x08001d88   Section        0  stm32f10x_tim.o(i.TIM_Cmd)
    i.TIM_ITConfig                           0x08001da0   Section        0  stm32f10x_tim.o(i.TIM_ITConfig)
    i.TIM_TimeBaseInit                       0x08001db4   Section        0  stm32f10x_tim.o(i.TIM_TimeBaseInit)
    i.Tetris_MainGameLoop                    0x08001e58   Section        0  tetris.o(i.Tetris_MainGameLoop)
    i.Tetris_TimHandler                      0x08001eb4   Section        0  tetris.o(i.Tetris_TimHandler)
    i.TimingDelay_Decrement                  0x08001ed8   Section        0  bsp_systick.o(i.TimingDelay_Decrement)
    i.UsageFault_Handler                     0x08001ef0   Section        0  stm32f10x_it.o(i.UsageFault_Handler)
    i._AfterDrop                             0x08001ef4   Section        0  tetris.o(i._AfterDrop)
    _AfterDrop                               0x08001ef5   Thumb Code   284  tetris.o(i._AfterDrop)
    i._CalculateGridLine                     0x08002028   Section        0  tetris.o(i._CalculateGridLine)
    _CalculateGridLine                       0x08002029   Thumb Code   218  tetris.o(i._CalculateGridLine)
    i._DetectCollision                       0x08002114   Section        0  tetris.o(i._DetectCollision)
    _DetectCollision                         0x08002115   Thumb Code    76  tetris.o(i._DetectCollision)
    i._Draw                                  0x08002164   Section        0  tetris.o(i._Draw)
    _Draw                                    0x08002165   Thumb Code   644  tetris.o(i._Draw)
    i._FastDrop                              0x08002414   Section        0  tetris.o(i._FastDrop)
    _FastDrop                                0x08002415   Thumb Code   370  tetris.o(i._FastDrop)
    i._GetBlockRealPos                       0x0800259c   Section        0  tetris.o(i._GetBlockRealPos)
    _GetBlockRealPos                         0x0800259d   Thumb Code    82  tetris.o(i._GetBlockRealPos)
    i._InitializeGameState                   0x0800261c   Section        0  tetris.o(i._InitializeGameState)
    _InitializeGameState                     0x0800261d   Thumb Code   156  tetris.o(i._InitializeGameState)
    i._Input                                 0x080026ec   Section        0  tetris.o(i._Input)
    _Input                                   0x080026ed   Thumb Code    94  tetris.o(i._Input)
    i._SaveSwitch                            0x08002754   Section        0  tetris.o(i._SaveSwitch)
    _SaveSwitch                              0x08002755   Thumb Code   210  tetris.o(i._SaveSwitch)
    i._Time                                  0x08002848   Section        0  tetris.o(i._Time)
    _Time                                    0x08002849   Thumb Code    84  tetris.o(i._Time)
    i._TryMoveCurrent                        0x080028b0   Section        0  tetris.o(i._TryMoveCurrent)
    _TryMoveCurrent                          0x080028b1   Thumb Code   372  tetris.o(i._TryMoveCurrent)
    i._TryRotateCurrent                      0x08002a38   Section        0  tetris.o(i._TryRotateCurrent)
    _TryRotateCurrent                        0x08002a39   Thumb Code   416  tetris.o(i._TryRotateCurrent)
    i._UpdateNext                            0x08002bec   Section        0  tetris.o(i._UpdateNext)
    _UpdateNext                              0x08002bed   Thumb Code    82  tetris.o(i._UpdateNext)
    i._UpdateNums                            0x08002c54   Section        0  gui.o(i._UpdateNums)
    _UpdateNums                              0x08002c55   Thumb Code   202  gui.o(i._UpdateNums)
    i.__ARM_fpclassify                       0x08002d2c   Section        0  fpclassify.o(i.__ARM_fpclassify)
    i.__kernel_poly                          0x08002d54   Section        0  poly.o(i.__kernel_poly)
    i.__mathlib_dbl_divzero                  0x08002e00   Section        0  dunder.o(i.__mathlib_dbl_divzero)
    i.__mathlib_dbl_infnan                   0x08002e10   Section        0  dunder.o(i.__mathlib_dbl_infnan)
    i.__mathlib_dbl_infnan2                  0x08002e16   Section        0  dunder.o(i.__mathlib_dbl_infnan2)
    i.__mathlib_dbl_invalid                  0x08002e1a   Section        0  dunder.o(i.__mathlib_dbl_invalid)
    i.__mathlib_dbl_overflow                 0x08002e26   Section        0  dunder.o(i.__mathlib_dbl_overflow)
    i.__mathlib_dbl_underflow                0x08002e34   Section        0  dunder.o(i.__mathlib_dbl_underflow)
    i.__scatterload_copy                     0x08002e44   Section       14  handlers.o(i.__scatterload_copy)
    i.__scatterload_null                     0x08002e52   Section        2  handlers.o(i.__scatterload_null)
    i.__scatterload_zeroinit                 0x08002e54   Section       14  handlers.o(i.__scatterload_zeroinit)
    i.__set_errno                            0x08002e64   Section        0  errno.o(i.__set_errno)
    i.exception                              0x08002e70   Section        0  main.o(i.exception)
    i.free                                   0x08002e90   Section        0  malloc.o(i.free)
    i.log                                    0x08002ee0   Section        0  log.o(i.log)
    i.log10                                  0x0800323c   Section        0  log10.o(i.log10)
    i.main                                   0x08003320   Section        0  main.o(i.main)
    i.malloc                                 0x0800339c   Section        0  malloc.o(i.malloc)
    i.pow                                    0x08003408   Section        0  pow.o(i.pow)
    i.sqrt                                   0x08003de0   Section        0  sqrt.o(i.sqrt)
    .constdata                               0x08003e30   Section      206  tetris.o(.constdata)
    G_GridCells                              0x08003e30   Data          80  tetris.o(.constdata)
    G_BlockPreviews                          0x08003e80   Data          32  tetris.o(.constdata)
    G_Nums                                   0x08003ea0   Data          30  tetris.o(.constdata)
    Blocks                                   0x08003ebe   Data          64  tetris.o(.constdata)
    .constdata                               0x08003efe   Section      162  paj7620u2.o(.constdata)
    InitCmd                                  0x08003efe   Data         102  paj7620u2.o(.constdata)
    GestureInitCmd                           0x08003f64   Data          60  paj7620u2.o(.constdata)
    .constdata                               0x08003fa0   Section       50  gui.o(.constdata)
    G_Nums                                   0x08003fa0   Data          50  gui.o(.constdata)
    .constdata                               0x08003fd8   Section      136  pow.o(.constdata)
    bp                                       0x08003fd8   Data          16  pow.o(.constdata)
    dp_h                                     0x08003fe8   Data          16  pow.o(.constdata)
    dp_l                                     0x08003ff8   Data          16  pow.o(.constdata)
    L                                        0x08004008   Data          48  pow.o(.constdata)
    P                                        0x08004038   Data          40  pow.o(.constdata)
    .constdata                               0x08004060   Section       56  log.o(.constdata)
    Lg2                                      0x08004060   Data          24  log.o(.constdata)
    Lg                                       0x08004078   Data          32  log.o(.constdata)
    .constdata                               0x08004098   Section        8  qnan.o(.constdata)
    .data                                    0x20000000   Section       20  system_stm32f10x.o(.data)
    .data                                    0x20000014   Section       24  tetris.o(.data)
    _score                                   0x20000014   Data           4  tetris.o(.data)
    _currentBlock                            0x20000018   Data           1  tetris.o(.data)
    _currentBlockRotation                    0x20000019   Data           1  tetris.o(.data)
    _currentPosX                             0x2000001a   Data           1  tetris.o(.data)
    _currentPosY                             0x2000001b   Data           1  tetris.o(.data)
    _savedBlock                              0x2000001c   Data           1  tetris.o(.data)
    _nextBlock                               0x2000001d   Data           1  tetris.o(.data)
    _gDirty                                  0x2000001e   Data           1  tetris.o(.data)
    _time                                    0x2000001f   Data           1  tetris.o(.data)
    _gameSpd                                 0x20000020   Data           1  tetris.o(.data)
    _gameLoop                                0x20000021   Data           1  tetris.o(.data)
    _fastDrop                                0x20000022   Data           1  tetris.o(.data)
    _saveSwitched                            0x20000023   Data           1  tetris.o(.data)
    _blockBag                                0x20000024   Data           7  tetris.o(.data)
    _blockBagPos                             0x2000002b   Data           1  tetris.o(.data)
    .data                                    0x2000002c   Section        4  bsp_iic_debug.o(.data)
    .data                                    0x20000030   Section     3072  oled.o(.data)
    .data                                    0x20000c30   Section        4  bsp_systick.o(.data)
    TimingDelay                              0x20000c30   Data           4  bsp_systick.o(.data)
    .data                                    0x20000c34   Section        1  paj7620u2.o(.data)
    .data                                    0x20000c35   Section        1  input.o(.data)
    _btn                                     0x20000c35   Data           1  input.o(.data)
    .data                                    0x20000c36   Section        3  led_extension.o(.data)
    _ledR                                    0x20000c36   Data           1  led_extension.o(.data)
    _ledG                                    0x20000c37   Data           1  led_extension.o(.data)
    _ledB                                    0x20000c38   Data           1  led_extension.o(.data)
    .data                                    0x20000c39   Section        2  gui.o(.data)
    _guitim                                  0x20000c39   Data           1  gui.o(.data)
    _guiquit                                 0x20000c3a   Data           1  gui.o(.data)
    .data                                    0x20000c3c   Section        4  rand.o(.data)
    _rand_state                              0x20000c3c   Data           4  rand.o(.data)
    .data                                    0x20000c40   Section        4  mvars.o(.data)
    .data                                    0x20000c44   Section        4  mvars.o(.data)
    .data                                    0x20000c48   Section        4  errno.o(.data)
    _errno                                   0x20000c48   Data           4  errno.o(.data)
    .bss                                     0x20000c4c   Section       48  tetris.o(.bss)
    _gameGrid                                0x20000c4c   Data          48  tetris.o(.bss)
    .bss                                     0x20000c80   Section     1040  oled.o(.bss)
    .bss                                     0x20001090   Section       24  gui.o(.bss)
    _g_nums                                  0x20001090   Data          24  gui.o(.bss)
    HEAP                                     0x200010a8   Section      512  startup_stm32f10x_md.o(HEAP)
    STACK                                    0x200012a8   Section     1024  startup_stm32f10x_md.o(STACK)

    Global Symbols

    Symbol Name                              Value     Ov Type        Size  Object(Section)

    BuildAttributes$$THM_ISAv4$P$D$K$B$S$PE$A:L22UL41UL21$X:L11$S22US41US21$IEEE1$IW$USESV6$~STKCKD$USESV7$~SHL$OTIME$ROPI$IEEEX$EBA8$MICROLIB$REQ8$PRES8$EABIv2 0x00000000   Number         0  anon$$obj.o ABSOLUTE
    __ARM_use_no_argv                        0x00000000   Number         0  main.o ABSOLUTE
    __cpp_initialize__aeabi_                  - Undefined Weak Reference
    __cxa_finalize                            - Undefined Weak Reference
    _clock_init                               - Undefined Weak Reference
    _microlib_exit                            - Undefined Weak Reference
    __Vectors_Size                           0x000000ec   Number         0  startup_stm32f10x_md.o ABSOLUTE
    __Vectors                                0x08000000   Data           4  startup_stm32f10x_md.o(RESET)
    __Vectors_End                            0x080000ec   Data           0  startup_stm32f10x_md.o(RESET)
    __main                                   0x080000ed   Thumb Code     0  entry.o(.ARM.Collect$$$$00000000)
    _main_stk                                0x080000ed   Thumb Code     0  entry2.o(.ARM.Collect$$$$00000001)
    _main_scatterload                        0x080000f1   Thumb Code     0  entry5.o(.ARM.Collect$$$$00000004)
    __main_after_scatterload                 0x080000f5   Thumb Code     0  entry5.o(.ARM.Collect$$$$00000004)
    _main_clock                              0x080000f5   Thumb Code     0  entry7b.o(.ARM.Collect$$$$00000008)
    _main_cpp_init                           0x080000f5   Thumb Code     0  entry8b.o(.ARM.Collect$$$$0000000A)
    _main_init                               0x080000f5   Thumb Code     0  entry9a.o(.ARM.Collect$$$$0000000B)
    __rt_final_cpp                           0x080000fd   Thumb Code     0  entry10a.o(.ARM.Collect$$$$0000000D)
    __rt_final_exit                          0x080000fd   Thumb Code     0  entry11a.o(.ARM.Collect$$$$0000000F)
    Reset_Handler                            0x08000101   Thumb Code     8  startup_stm32f10x_md.o(.text)
    ADC1_2_IRQHandler                        0x0800011b   Thumb Code     0  startup_stm32f10x_md.o(.text)
    CAN1_RX1_IRQHandler                      0x0800011b   Thumb Code     0  startup_stm32f10x_md.o(.text)
    CAN1_SCE_IRQHandler                      0x0800011b   Thumb Code     0  startup_stm32f10x_md.o(.text)
    DMA1_Channel1_IRQHandler                 0x0800011b   Thumb Code     0  startup_stm32f10x_md.o(.text)
    DMA1_Channel2_IRQHandler                 0x0800011b   Thumb Code     0  startup_stm32f10x_md.o(.text)
    DMA1_Channel3_IRQHandler                 0x0800011b   Thumb Code     0  startup_stm32f10x_md.o(.text)
    DMA1_Channel4_IRQHandler                 0x0800011b   Thumb Code     0  startup_stm32f10x_md.o(.text)
    DMA1_Channel5_IRQHandler                 0x0800011b   Thumb Code     0  startup_stm32f10x_md.o(.text)
    DMA1_Channel6_IRQHandler                 0x0800011b   Thumb Code     0  startup_stm32f10x_md.o(.text)
    DMA1_Channel7_IRQHandler                 0x0800011b   Thumb Code     0  startup_stm32f10x_md.o(.text)
    EXTI0_IRQHandler                         0x0800011b   Thumb Code     0  startup_stm32f10x_md.o(.text)
    EXTI15_10_IRQHandler                     0x0800011b   Thumb Code     0  startup_stm32f10x_md.o(.text)
    EXTI1_IRQHandler                         0x0800011b   Thumb Code     0  startup_stm32f10x_md.o(.text)
    EXTI2_IRQHandler                         0x0800011b   Thumb Code     0  startup_stm32f10x_md.o(.text)
    EXTI3_IRQHandler                         0x0800011b   Thumb Code     0  startup_stm32f10x_md.o(.text)
    EXTI4_IRQHandler                         0x0800011b   Thumb Code     0  startup_stm32f10x_md.o(.text)
    FLASH_IRQHandler                         0x0800011b   Thumb Code     0  startup_stm32f10x_md.o(.text)
    I2C1_ER_IRQHandler                       0x0800011b   Thumb Code     0  startup_stm32f10x_md.o(.text)
    I2C1_EV_IRQHandler                       0x0800011b   Thumb Code     0  startup_stm32f10x_md.o(.text)
    I2C2_ER_IRQHandler                       0x0800011b   Thumb Code     0  startup_stm32f10x_md.o(.text)
    I2C2_EV_IRQHandler                       0x0800011b   Thumb Code     0  startup_stm32f10x_md.o(.text)
    PVD_IRQHandler                           0x0800011b   Thumb Code     0  startup_stm32f10x_md.o(.text)
    RCC_IRQHandler                           0x0800011b   Thumb Code     0  startup_stm32f10x_md.o(.text)
    RTCAlarm_IRQHandler                      0x0800011b   Thumb Code     0  startup_stm32f10x_md.o(.text)
    RTC_IRQHandler                           0x0800011b   Thumb Code     0  startup_stm32f10x_md.o(.text)
    SPI1_IRQHandler                          0x0800011b   Thumb Code     0  startup_stm32f10x_md.o(.text)
    SPI2_IRQHandler                          0x0800011b   Thumb Code     0  startup_stm32f10x_md.o(.text)
    TAMPER_IRQHandler                        0x0800011b   Thumb Code     0  startup_stm32f10x_md.o(.text)
    TIM1_BRK_IRQHandler                      0x0800011b   Thumb Code     0  startup_stm32f10x_md.o(.text)
    TIM1_CC_IRQHandler                       0x0800011b   Thumb Code     0  startup_stm32f10x_md.o(.text)
    TIM1_TRG_COM_IRQHandler                  0x0800011b   Thumb Code     0  startup_stm32f10x_md.o(.text)
    TIM1_UP_IRQHandler                       0x0800011b   Thumb Code     0  startup_stm32f10x_md.o(.text)
    TIM3_IRQHandler                          0x0800011b   Thumb Code     0  startup_stm32f10x_md.o(.text)
    TIM4_IRQHandler                          0x0800011b   Thumb Code     0  startup_stm32f10x_md.o(.text)
    USART1_IRQHandler                        0x0800011b   Thumb Code     0  startup_stm32f10x_md.o(.text)
    USART2_IRQHandler                        0x0800011b   Thumb Code     0  startup_stm32f10x_md.o(.text)
    USART3_IRQHandler                        0x0800011b   Thumb Code     0  startup_stm32f10x_md.o(.text)
    USBWakeUp_IRQHandler                     0x0800011b   Thumb Code     0  startup_stm32f10x_md.o(.text)
    USB_HP_CAN1_TX_IRQHandler                0x0800011b   Thumb Code     0  startup_stm32f10x_md.o(.text)
    USB_LP_CAN1_RX0_IRQHandler               0x0800011b   Thumb Code     0  startup_stm32f10x_md.o(.text)
    WWDG_IRQHandler                          0x0800011b   Thumb Code     0  startup_stm32f10x_md.o(.text)
    __aeabi_llsl                             0x08000125   Thumb Code    30  llshl.o(.text)
    _ll_shift_l                              0x08000125   Thumb Code     0  llshl.o(.text)
    rand                                     0x08000145   Thumb Code    20  rand.o(.text)
    srand                                    0x08000159   Thumb Code     6  rand.o(.text)
    __aeabi_dadd                             0x08000169   Thumb Code   322  dadd.o(.text)
    __aeabi_dsub                             0x080002ab   Thumb Code     6  dadd.o(.text)
    __aeabi_drsub                            0x080002b1   Thumb Code     6  dadd.o(.text)
    __aeabi_dmul                             0x080002b7   Thumb Code   228  dmul.o(.text)
    __aeabi_ddiv                             0x0800039b   Thumb Code   222  ddiv.o(.text)
    __aeabi_i2d                              0x08000479   Thumb Code    34  dflti.o(.text)
    __aeabi_ui2d                             0x0800049b   Thumb Code    26  dfltui.o(.text)
    __aeabi_d2uiz                            0x080004b5   Thumb Code    50  dfixui.o(.text)
    __aeabi_llsr                             0x080004e7   Thumb Code    32  llushr.o(.text)
    _ll_ushift_r                             0x080004e7   Thumb Code     0  llushr.o(.text)
    __aeabi_lasr                             0x08000507   Thumb Code    36  llsshr.o(.text)
    _ll_sshift_r                             0x08000507   Thumb Code     0  llsshr.o(.text)
    __I$use$fp                               0x0800052b   Thumb Code     0  iusefp.o(.text)
    _double_round                            0x0800052b   Thumb Code    30  depilogue.o(.text)
    _double_epilogue                         0x08000549   Thumb Code   156  depilogue.o(.text)
    __ARM_scalbn                             0x080005e5   Thumb Code    46  dscalb.o(.text)
    scalbn                                   0x080005e5   Thumb Code     0  dscalb.o(.text)
    __aeabi_cdrcmple                         0x08000615   Thumb Code    48  cdrcmple.o(.text)
    __scatterload                            0x08000645   Thumb Code    28  init.o(.text)
    __scatterload_rt2                        0x08000645   Thumb Code     0  init.o(.text)
    _dsqrt                                   0x08000669   Thumb Code   162  dsqrt.o(.text)
    __aeabi_cdcmpeq                          0x0800070d   Thumb Code     0  cdcmple.o(.text)
    __aeabi_cdcmple                          0x0800070d   Thumb Code    48  cdcmple.o(.text)
    __decompress                             0x0800073d   Thumb Code     0  __dczerorl2.o(.text)
    __decompress1                            0x0800073d   Thumb Code    86  __dczerorl2.o(.text)
    ADCMod_GetKnob                           0x08000795   Thumb Code    58  adcmod.o(i.ADCMod_GetKnob)
    ADCMod_GetRandom                         0x080007d9   Thumb Code    66  adcmod.o(i.ADCMod_GetRandom)
    ADCMod_Init                              0x08000821   Thumb Code   216  adcmod.o(i.ADCMod_Init)
    ADC_ClearFlag                            0x08000905   Thumb Code     6  stm32f10x_adc.o(i.ADC_ClearFlag)
    ADC_Cmd                                  0x0800090b   Thumb Code    22  stm32f10x_adc.o(i.ADC_Cmd)
    ADC_GetCalibrationStatus                 0x08000921   Thumb Code    20  stm32f10x_adc.o(i.ADC_GetCalibrationStatus)
    ADC_GetConversionValue                   0x08000935   Thumb Code     8  stm32f10x_adc.o(i.ADC_GetConversionValue)
    ADC_GetFlagStatus                        0x0800093d   Thumb Code    18  stm32f10x_adc.o(i.ADC_GetFlagStatus)
    ADC_GetResetCalibrationStatus            0x0800094f   Thumb Code    20  stm32f10x_adc.o(i.ADC_GetResetCalibrationStatus)
    ADC_Init                                 0x08000965   Thumb Code    70  stm32f10x_adc.o(i.ADC_Init)
    ADC_RegularChannelConfig                 0x080009b5   Thumb Code   184  stm32f10x_adc.o(i.ADC_RegularChannelConfig)
    ADC_ResetCalibration                     0x08000a6d   Thumb Code    10  stm32f10x_adc.o(i.ADC_ResetCalibration)
    ADC_SoftwareStartConvCmd                 0x08000a77   Thumb Code    22  stm32f10x_adc.o(i.ADC_SoftwareStartConvCmd)
    ADC_StartCalibration                     0x08000a8d   Thumb Code    10  stm32f10x_adc.o(i.ADC_StartCalibration)
    BusFault_Handler                         0x08000a97   Thumb Code     4  stm32f10x_it.o(i.BusFault_Handler)
    Button_HandleInt                         0x08000a9d   Thumb Code     8  input.o(i.Button_HandleInt)
    DebugMon_Handler                         0x08000b0d   Thumb Code     2  stm32f10x_it.o(i.DebugMon_Handler)
    Delay_1ms                                0x08000b11   Thumb Code    20  bsp_systick.o(i.Delay_1ms)
    EXTI9_5_IRQHandler                       0x08000b29   Thumb Code    52  stm32f10x_it.o(i.EXTI9_5_IRQHandler)
    EXTI_ClearITPendingBit                   0x08000b5d   Thumb Code     6  stm32f10x_exti.o(i.EXTI_ClearITPendingBit)
    EXTI_GetITStatus                         0x08000b69   Thumb Code    34  stm32f10x_exti.o(i.EXTI_GetITStatus)
    EXTI_Init                                0x08000b91   Thumb Code   142  stm32f10x_exti.o(i.EXTI_Init)
    GPIO_EXTILineConfig                      0x08000c25   Thumb Code    60  stm32f10x_gpio.o(i.GPIO_EXTILineConfig)
    GPIO_Init                                0x08000c65   Thumb Code   278  stm32f10x_gpio.o(i.GPIO_Init)
    GPIO_ResetBits                           0x08000d7b   Thumb Code     4  stm32f10x_gpio.o(i.GPIO_ResetBits)
    GPIO_SetBits                             0x08000d7f   Thumb Code     4  stm32f10x_gpio.o(i.GPIO_SetBits)
    GUI_Gameover                             0x08000d85   Thumb Code    80  gui.o(i.GUI_Gameover)
    GUI_Start                                0x08000de1   Thumb Code   108  gui.o(i.GUI_Start)
    GUI_TimHandler                           0x08000e5d   Thumb Code     8  gui.o(i.GUI_TimHandler)
    HardFault_Handler                        0x08000e69   Thumb Code     4  stm32f10x_it.o(i.HardFault_Handler)
    IIC_ACK                                  0x08000e6d   Thumb Code    58  bsp_iic_debug.o(i.IIC_ACK)
    IIC_GPIO_Config                          0x08000ebd   Thumb Code    34  bsp_iic_debug.o(i.IIC_GPIO_Config)
    IIC_ReciveByte                           0x08000ee9   Thumb Code    64  bsp_iic_debug.o(i.IIC_ReciveByte)
    IIC_SendByte                             0x08000f2d   Thumb Code    86  bsp_iic_debug.o(i.IIC_SendByte)
    IIC_Start                                0x08000f89   Thumb Code    40  bsp_iic_debug.o(i.IIC_Start)
    IIC_Stop                                 0x08000fb5   Thumb Code    32  bsp_iic_debug.o(i.IIC_Stop)
    IIC_Wait_ACK                             0x08000fd9   Thumb Code    60  bsp_iic_debug.o(i.IIC_Wait_ACK)
    Input_Init                               0x08001019   Thumb Code    12  input.o(i.Input_Init)
    Input_Pop                                0x08001025   Thumb Code    28  input.o(i.Input_Pop)
    LED_GPIO_Config                          0x08001045   Thumb Code   134  bsp_gpio_led.o(i.LED_GPIO_Config)
    LED_OFF                                  0x080010d1   Thumb Code    16  bsp_gpio_led.o(i.LED_OFF)
    LED_ON                                   0x080010e1   Thumb Code    16  bsp_gpio_led.o(i.LED_ON)
    LedExtension_TimHandler                  0x080010f1   Thumb Code   178  led_extension.o(i.LedExtension_TimHandler)
    Led_Flash_B                              0x080011b5   Thumb Code     8  led_extension.o(i.Led_Flash_B)
    Led_Flash_G                              0x080011c1   Thumb Code     8  led_extension.o(i.Led_Flash_G)
    MemManage_Handler                        0x080011cd   Thumb Code     4  stm32f10x_it.o(i.MemManage_Handler)
    NMI_Handler                              0x080011d1   Thumb Code     2  stm32f10x_it.o(i.NMI_Handler)
    NVIC_Init                                0x080011d5   Thumb Code   100  misc.o(i.NVIC_Init)
    NVIC_PriorityGroupConfig                 0x08001245   Thumb Code    10  misc.o(i.NVIC_PriorityGroupConfig)
    OLED_DrawPic                             0x08001259   Thumb Code   268  oled.o(i.OLED_DrawPic)
    OLED_ForceUpdateScreen                   0x08001389   Thumb Code    38  oled.o(i.OLED_ForceUpdateScreen)
    OLED_Initialize                          0x080013b9   Thumb Code   422  oled.o(i.OLED_Initialize)
    OLED_UpdateScreen                        0x08001561   Thumb Code   326  oled.o(i.OLED_UpdateScreen)
    PAJ7620U2_GetInput                       0x0800176d   Thumb Code   184  paj7620u2.o(i.PAJ7620U2_GetInput)
    PAJ7620U2_HandleInt                      0x08001829   Thumb Code     8  paj7620u2.o(i.PAJ7620U2_HandleInt)
    PAJ7620U2_Init                           0x080018f1   Thumb Code    40  paj7620u2.o(i.PAJ7620U2_Init)
    PendSV_Handler                           0x08001a3b   Thumb Code     2  stm32f10x_it.o(i.PendSV_Handler)
    RCC_APB1PeriphClockCmd                   0x08001a59   Thumb Code    26  stm32f10x_rcc.o(i.RCC_APB1PeriphClockCmd)
    RCC_APB2PeriphClockCmd                   0x08001a79   Thumb Code    26  stm32f10x_rcc.o(i.RCC_APB2PeriphClockCmd)
    Random_Init                              0x08001a99   Thumb Code    16  random.o(i.Random_Init)
    Random_Shuffle                           0x08001aa9   Thumb Code   146  random.o(i.Random_Shuffle)
    SVC_Handler                              0x08001b3b   Thumb Code     2  stm32f10x_it.o(i.SVC_Handler)
    SysTick_Handler                          0x08001c25   Thumb Code     8  stm32f10x_it.o(i.SysTick_Handler)
    SystemInit                               0x08001c2d   Thumb Code    78  system_stm32f10x.o(i.SystemInit)
    Systick_Init                             0x08001c8d   Thumb Code    92  bsp_systick.o(i.Systick_Init)
    TIM2_IRQHandler                          0x08001cf5   Thumb Code    16  stm32f10x_it.o(i.TIM2_IRQHandler)
    TIM2_Init                                0x08001d05   Thumb Code   104  tim2.o(i.TIM2_Init)
    TIM2_IntHandler                          0x08001d6d   Thumb Code    16  tim2.o(i.TIM2_IntHandler)
    TIM_ClearFlag                            0x08001d7d   Thumb Code     6  stm32f10x_tim.o(i.TIM_ClearFlag)
    TIM_ClearITPendingBit                    0x08001d83   Thumb Code     6  stm32f10x_tim.o(i.TIM_ClearITPendingBit)
    TIM_Cmd                                  0x08001d89   Thumb Code    24  stm32f10x_tim.o(i.TIM_Cmd)
    TIM_ITConfig                             0x08001da1   Thumb Code    18  stm32f10x_tim.o(i.TIM_ITConfig)
    TIM_TimeBaseInit                         0x08001db5   Thumb Code   122  stm32f10x_tim.o(i.TIM_TimeBaseInit)
    Tetris_MainGameLoop                      0x08001e59   Thumb Code    80  tetris.o(i.Tetris_MainGameLoop)
    Tetris_TimHandler                        0x08001eb5   Thumb Code    28  tetris.o(i.Tetris_TimHandler)
    TimingDelay_Decrement                    0x08001ed9   Thumb Code    18  bsp_systick.o(i.TimingDelay_Decrement)
    UsageFault_Handler                       0x08001ef1   Thumb Code     4  stm32f10x_it.o(i.UsageFault_Handler)
    __ARM_fpclassify                         0x08002d2d   Thumb Code    40  fpclassify.o(i.__ARM_fpclassify)
    __kernel_poly                            0x08002d55   Thumb Code   170  poly.o(i.__kernel_poly)
    __mathlib_dbl_divzero                    0x08002e01   Thumb Code    12  dunder.o(i.__mathlib_dbl_divzero)
    __mathlib_dbl_infnan                     0x08002e11   Thumb Code     6  dunder.o(i.__mathlib_dbl_infnan)
    __mathlib_dbl_infnan2                    0x08002e17   Thumb Code     4  dunder.o(i.__mathlib_dbl_infnan2)
    __mathlib_dbl_invalid                    0x08002e1b   Thumb Code    12  dunder.o(i.__mathlib_dbl_invalid)
    __mathlib_dbl_overflow                   0x08002e27   Thumb Code    14  dunder.o(i.__mathlib_dbl_overflow)
    __mathlib_dbl_underflow                  0x08002e35   Thumb Code    10  dunder.o(i.__mathlib_dbl_underflow)
    __scatterload_copy                       0x08002e45   Thumb Code    14  handlers.o(i.__scatterload_copy)
    __scatterload_null                       0x08002e53   Thumb Code     2  handlers.o(i.__scatterload_null)
    __scatterload_zeroinit                   0x08002e55   Thumb Code    14  handlers.o(i.__scatterload_zeroinit)
    __set_errno                              0x08002e65   Thumb Code     6  errno.o(i.__set_errno)
    exception                                0x08002e71   Thumb Code    28  main.o(i.exception)
    free                                     0x08002e91   Thumb Code    76  malloc.o(i.free)
    log                                      0x08002ee1   Thumb Code   808  log.o(i.log)
    log10                                    0x0800323d   Thumb Code   198  log10.o(i.log10)
    main                                     0x08003321   Thumb Code   120  main.o(i.main)
    malloc                                   0x0800339d   Thumb Code    92  malloc.o(i.malloc)
    pow                                      0x08003409   Thumb Code  2512  pow.o(i.pow)
    sqrt                                     0x08003de1   Thumb Code    76  sqrt.o(i.sqrt)
    __mathlib_zero                           0x08004098   Data           8  qnan.o(.constdata)
    Region$$Table$$Base                      0x080040a0   Number         0  anon$$obj.o(Region$$Table)
    Region$$Table$$Limit                     0x080040c0   Number         0  anon$$obj.o(Region$$Table)
    SystemCoreClock                          0x20000000   Data           4  system_stm32f10x.o(.data)
    AHBPrescTable                            0x20000004   Data          16  system_stm32f10x.o(.data)
    gpio_initstruct                          0x2000002c   Data           4  bsp_iic_debug.o(.data)
    GuiBorder                                0x20000030   Data        1024  oled.o(.data)
    GuiStart                                 0x20000430   Data        1024  oled.o(.data)
    GuiGameover                              0x20000830   Data        1024  oled.o(.data)
    PAJ7620U2_HasInput                       0x20000c34   Data           1  paj7620u2.o(.data)
    __microlib_freelist                      0x20000c40   Data           4  mvars.o(.data)
    __microlib_freelist_initialised          0x20000c44   Data           4  mvars.o(.data)
    scr_Cache                                0x20000c80   Data        1024  oled.o(.bss)
    scr_Dirty                                0x20001080   Data          16  oled.o(.bss)
    __heap_base                              0x200010a8   Data           0  startup_stm32f10x_md.o(HEAP)
    __heap_limit                             0x200012a8   Data           0  startup_stm32f10x_md.o(HEAP)
    __initial_sp                             0x200016a8   Data           0  startup_stm32f10x_md.o(STACK)



==============================================================================

Memory Map of the image

  Image Entry point : 0x080000ed

  Load Region LR_IROM1 (Base: 0x08000000, Size: 0x00004d0c, Max: 0x00010000, ABSOLUTE, COMPRESSED[0x0000430c])

    Execution Region ER_IROM1 (Exec base: 0x08000000, Load base: 0x08000000, Size: 0x000040c0, Max: 0x00010000, ABSOLUTE)

    Exec Addr    Load Addr    Size         Type   Attr      Idx    E Section Name        Object

    0x08000000   0x08000000   0x000000ec   Data   RO            3    RESET               startup_stm32f10x_md.o
    0x080000ec   0x080000ec   0x00000000   Code   RO         3783  * .ARM.Collect$$$$00000000  mc_w.l(entry.o)
    0x080000ec   0x080000ec   0x00000004   Code   RO         3868    .ARM.Collect$$$$00000001  mc_w.l(entry2.o)
    0x080000f0   0x080000f0   0x00000004   Code   RO         3871    .ARM.Collect$$$$00000004  mc_w.l(entry5.o)
    0x080000f4   0x080000f4   0x00000000   Code   RO         3873    .ARM.Collect$$$$00000008  mc_w.l(entry7b.o)
    0x080000f4   0x080000f4   0x00000000   Code   RO         3875    .ARM.Collect$$$$0000000A  mc_w.l(entry8b.o)
    0x080000f4   0x080000f4   0x00000008   Code   RO         3876    .ARM.Collect$$$$0000000B  mc_w.l(entry9a.o)
    0x080000fc   0x080000fc   0x00000000   Code   RO         3878    .ARM.Collect$$$$0000000D  mc_w.l(entry10a.o)
    0x080000fc   0x080000fc   0x00000000   Code   RO         3880    .ARM.Collect$$$$0000000F  mc_w.l(entry11a.o)
    0x080000fc   0x080000fc   0x00000004   Code   RO         3869    .ARM.Collect$$$$00002712  mc_w.l(entry2.o)
    0x08000100   0x08000100   0x00000024   Code   RO            4    .text               startup_stm32f10x_md.o
    0x08000124   0x08000124   0x0000001e   Code   RO         3786    .text               mc_w.l(llshl.o)
    0x08000142   0x08000142   0x00000002   PAD
    0x08000144   0x08000144   0x00000024   Code   RO         3788    .text               mc_w.l(rand.o)
    0x08000168   0x08000168   0x0000014e   Code   RO         3819    .text               mf_w.l(dadd.o)
    0x080002b6   0x080002b6   0x000000e4   Code   RO         3821    .text               mf_w.l(dmul.o)
    0x0800039a   0x0800039a   0x000000de   Code   RO         3823    .text               mf_w.l(ddiv.o)
    0x08000478   0x08000478   0x00000022   Code   RO         3825    .text               mf_w.l(dflti.o)
    0x0800049a   0x0800049a   0x0000001a   Code   RO         3827    .text               mf_w.l(dfltui.o)
    0x080004b4   0x080004b4   0x00000032   Code   RO         3829    .text               mf_w.l(dfixui.o)
    0x080004e6   0x080004e6   0x00000020   Code   RO         3882    .text               mc_w.l(llushr.o)
    0x08000506   0x08000506   0x00000024   Code   RO         3884    .text               mc_w.l(llsshr.o)
    0x0800052a   0x0800052a   0x00000000   Code   RO         3899    .text               mc_w.l(iusefp.o)
    0x0800052a   0x0800052a   0x000000ba   Code   RO         3900    .text               mf_w.l(depilogue.o)
    0x080005e4   0x080005e4   0x0000002e   Code   RO         3902    .text               mf_w.l(dscalb.o)
    0x08000612   0x08000612   0x00000002   PAD
    0x08000614   0x08000614   0x00000030   Code   RO         3904    .text               mf_w.l(cdrcmple.o)
    0x08000644   0x08000644   0x00000024   Code   RO         3906    .text               mc_w.l(init.o)
    0x08000668   0x08000668   0x000000a2   Code   RO         3908    .text               mf_w.l(dsqrt.o)
    0x0800070a   0x0800070a   0x00000002   PAD
    0x0800070c   0x0800070c   0x00000030   Code   RO         3910    .text               mf_w.l(cdcmple.o)
    0x0800073c   0x0800073c   0x00000056   Code   RO         3920    .text               mc_w.l(__dczerorl2.o)
    0x08000792   0x08000792   0x00000002   PAD
    0x08000794   0x08000794   0x00000044   Code   RO         3738    i.ADCMod_GetKnob    adcmod.o
    0x080007d8   0x080007d8   0x00000048   Code   RO         3739    i.ADCMod_GetRandom  adcmod.o
    0x08000820   0x08000820   0x000000e4   Code   RO         3740    i.ADCMod_Init       adcmod.o
    0x08000904   0x08000904   0x00000006   Code   RO          171    i.ADC_ClearFlag     stm32f10x_adc.o
    0x0800090a   0x0800090a   0x00000016   Code   RO          173    i.ADC_Cmd           stm32f10x_adc.o
    0x08000920   0x08000920   0x00000014   Code   RO          181    i.ADC_GetCalibrationStatus  stm32f10x_adc.o
    0x08000934   0x08000934   0x00000008   Code   RO          182    i.ADC_GetConversionValue  stm32f10x_adc.o
    0x0800093c   0x0800093c   0x00000012   Code   RO          184    i.ADC_GetFlagStatus  stm32f10x_adc.o
    0x0800094e   0x0800094e   0x00000014   Code   RO          187    i.ADC_GetResetCalibrationStatus  stm32f10x_adc.o
    0x08000962   0x08000962   0x00000002   PAD
    0x08000964   0x08000964   0x00000050   Code   RO          191    i.ADC_Init          stm32f10x_adc.o
    0x080009b4   0x080009b4   0x000000b8   Code   RO          195    i.ADC_RegularChannelConfig  stm32f10x_adc.o
    0x08000a6c   0x08000a6c   0x0000000a   Code   RO          196    i.ADC_ResetCalibration  stm32f10x_adc.o
    0x08000a76   0x08000a76   0x00000016   Code   RO          198    i.ADC_SoftwareStartConvCmd  stm32f10x_adc.o
    0x08000a8c   0x08000a8c   0x0000000a   Code   RO          200    i.ADC_StartCalibration  stm32f10x_adc.o
    0x08000a96   0x08000a96   0x00000004   Code   RO         3154    i.BusFault_Handler  stm32f10x_it.o
    0x08000a9a   0x08000a9a   0x00000002   PAD
    0x08000a9c   0x08000a9c   0x0000000c   Code   RO         3559    i.Button_HandleInt  input.o
    0x08000aa8   0x08000aa8   0x00000064   Code   RO         3560    i.Button_Init       input.o
    0x08000b0c   0x08000b0c   0x00000002   Code   RO         3155    i.DebugMon_Handler  stm32f10x_it.o
    0x08000b0e   0x08000b0e   0x00000002   PAD
    0x08000b10   0x08000b10   0x00000018   Code   RO         3460    i.Delay_1ms         bsp_systick.o
    0x08000b28   0x08000b28   0x00000034   Code   RO         3156    i.EXTI9_5_IRQHandler  stm32f10x_it.o
    0x08000b5c   0x08000b5c   0x0000000c   Code   RO          929    i.EXTI_ClearITPendingBit  stm32f10x_exti.o
    0x08000b68   0x08000b68   0x00000028   Code   RO          933    i.EXTI_GetITStatus  stm32f10x_exti.o
    0x08000b90   0x08000b90   0x00000094   Code   RO          934    i.EXTI_Init         stm32f10x_exti.o
    0x08000c24   0x08000c24   0x00000040   Code   RO         1279    i.GPIO_EXTILineConfig  stm32f10x_gpio.o
    0x08000c64   0x08000c64   0x00000116   Code   RO         1282    i.GPIO_Init         stm32f10x_gpio.o
    0x08000d7a   0x08000d7a   0x00000004   Code   RO         1289    i.GPIO_ResetBits    stm32f10x_gpio.o
    0x08000d7e   0x08000d7e   0x00000004   Code   RO         1290    i.GPIO_SetBits      stm32f10x_gpio.o
    0x08000d82   0x08000d82   0x00000002   PAD
    0x08000d84   0x08000d84   0x0000005c   Code   RO         3692    i.GUI_Gameover      gui.o
    0x08000de0   0x08000de0   0x0000007c   Code   RO         3693    i.GUI_Start         gui.o
    0x08000e5c   0x08000e5c   0x0000000c   Code   RO         3694    i.GUI_TimHandler    gui.o
    0x08000e68   0x08000e68   0x00000004   Code   RO         3157    i.HardFault_Handler  stm32f10x_it.o
    0x08000e6c   0x08000e6c   0x00000040   Code   RO         3354    i.IIC_ACK           bsp_iic_debug.o
    0x08000eac   0x08000eac   0x0000000e   Code   RO         3355    i.IIC_Delay         bsp_iic_debug.o
    0x08000eba   0x08000eba   0x00000002   PAD
    0x08000ebc   0x08000ebc   0x0000002c   Code   RO         3356    i.IIC_GPIO_Config   bsp_iic_debug.o
    0x08000ee8   0x08000ee8   0x00000044   Code   RO         3357    i.IIC_ReciveByte    bsp_iic_debug.o
    0x08000f2c   0x08000f2c   0x0000005c   Code   RO         3358    i.IIC_SendByte      bsp_iic_debug.o
    0x08000f88   0x08000f88   0x0000002c   Code   RO         3359    i.IIC_Start         bsp_iic_debug.o
    0x08000fb4   0x08000fb4   0x00000024   Code   RO         3360    i.IIC_Stop          bsp_iic_debug.o
    0x08000fd8   0x08000fd8   0x00000040   Code   RO         3361    i.IIC_Wait_ACK      bsp_iic_debug.o
    0x08001018   0x08001018   0x0000000c   Code   RO         3561    i.Input_Init        input.o
    0x08001024   0x08001024   0x00000020   Code   RO         3562    i.Input_Pop         input.o
    0x08001044   0x08001044   0x0000008c   Code   RO         3330    i.LED_GPIO_Config   bsp_gpio_led.o
    0x080010d0   0x080010d0   0x00000010   Code   RO         3331    i.LED_OFF           bsp_gpio_led.o
    0x080010e0   0x080010e0   0x00000010   Code   RO         3332    i.LED_ON            bsp_gpio_led.o
    0x080010f0   0x080010f0   0x000000c4   Code   RO         3621    i.LedExtension_TimHandler  led_extension.o
    0x080011b4   0x080011b4   0x0000000c   Code   RO         3622    i.Led_Flash_B       led_extension.o
    0x080011c0   0x080011c0   0x0000000c   Code   RO         3623    i.Led_Flash_G       led_extension.o
    0x080011cc   0x080011cc   0x00000004   Code   RO         3158    i.MemManage_Handler  stm32f10x_it.o
    0x080011d0   0x080011d0   0x00000002   Code   RO         3159    i.NMI_Handler       stm32f10x_it.o
    0x080011d2   0x080011d2   0x00000002   PAD
    0x080011d4   0x080011d4   0x00000070   Code   RO          127    i.NVIC_Init         misc.o
    0x08001244   0x08001244   0x00000014   Code   RO          128    i.NVIC_PriorityGroupConfig  misc.o
    0x08001258   0x08001258   0x00000130   Code   RO         3411    i.OLED_DrawPic      oled.o
    0x08001388   0x08001388   0x00000030   Code   RO         3412    i.OLED_ForceUpdateScreen  oled.o
    0x080013b8   0x080013b8   0x000001a6   Code   RO         3413    i.OLED_Initialize   oled.o
    0x0800155e   0x0800155e   0x00000002   PAD
    0x08001560   0x08001560   0x00000150   Code   RO         3414    i.OLED_UpdateScreen  oled.o
    0x080016b0   0x080016b0   0x000000bc   Code   RO         3493    i.PAJ7620U2_GestureInit  paj7620u2.o
    0x0800176c   0x0800176c   0x000000bc   Code   RO         3494    i.PAJ7620U2_GetInput  paj7620u2.o
    0x08001828   0x08001828   0x0000000c   Code   RO         3495    i.PAJ7620U2_HandleInt  paj7620u2.o
    0x08001834   0x08001834   0x000000bc   Code   RO         3496    i.PAJ7620U2_I2CInit  paj7620u2.o
    0x080018f0   0x080018f0   0x00000048   Code   RO         3497    i.PAJ7620U2_Init    paj7620u2.o
    0x08001938   0x08001938   0x00000064   Code   RO         3498    i.PAJ7620U2_IntInit  paj7620u2.o
    0x0800199c   0x0800199c   0x0000009e   Code   RO         3499    i.PAJ7620U2_Wakeup  paj7620u2.o
    0x08001a3a   0x08001a3a   0x00000002   Code   RO         3160    i.PendSV_Handler    stm32f10x_it.o
    0x08001a3c   0x08001a3c   0x0000001c   Code   RO         3098    i.Program_EXTI_Init  main.o
    0x08001a58   0x08001a58   0x00000020   Code   RO         1698    i.RCC_APB1PeriphClockCmd  stm32f10x_rcc.o
    0x08001a78   0x08001a78   0x00000020   Code   RO         1700    i.RCC_APB2PeriphClockCmd  stm32f10x_rcc.o
    0x08001a98   0x08001a98   0x00000010   Code   RO         3659    i.Random_Init       random.o
    0x08001aa8   0x08001aa8   0x00000092   Code   RO         3661    i.Random_Shuffle    random.o
    0x08001b3a   0x08001b3a   0x00000002   Code   RO         3161    i.SVC_Handler       stm32f10x_it.o
    0x08001b3c   0x08001b3c   0x00000008   Code   RO           10    i.SetSysClock       system_stm32f10x.o
    0x08001b44   0x08001b44   0x000000e0   Code   RO           11    i.SetSysClockTo72   system_stm32f10x.o
    0x08001c24   0x08001c24   0x00000008   Code   RO         3162    i.SysTick_Handler   stm32f10x_it.o
    0x08001c2c   0x08001c2c   0x00000060   Code   RO           13    i.SystemInit        system_stm32f10x.o
    0x08001c8c   0x08001c8c   0x00000068   Code   RO         3461    i.Systick_Init      bsp_systick.o
    0x08001cf4   0x08001cf4   0x00000010   Code   RO         3163    i.TIM2_IRQHandler   stm32f10x_it.o
    0x08001d04   0x08001d04   0x00000068   Code   RO         3590    i.TIM2_Init         tim2.o
    0x08001d6c   0x08001d6c   0x00000010   Code   RO         3591    i.TIM2_IntHandler   tim2.o
    0x08001d7c   0x08001d7c   0x00000006   Code   RO         2326    i.TIM_ClearFlag     stm32f10x_tim.o
    0x08001d82   0x08001d82   0x00000006   Code   RO         2327    i.TIM_ClearITPendingBit  stm32f10x_tim.o
    0x08001d88   0x08001d88   0x00000018   Code   RO         2332    i.TIM_Cmd           stm32f10x_tim.o
    0x08001da0   0x08001da0   0x00000012   Code   RO         2357    i.TIM_ITConfig      stm32f10x_tim.o
    0x08001db2   0x08001db2   0x00000002   PAD
    0x08001db4   0x08001db4   0x000000a4   Code   RO         2403    i.TIM_TimeBaseInit  stm32f10x_tim.o
    0x08001e58   0x08001e58   0x0000005c   Code   RO         3235    i.Tetris_MainGameLoop  tetris.o
    0x08001eb4   0x08001eb4   0x00000024   Code   RO         3236    i.Tetris_TimHandler  tetris.o
    0x08001ed8   0x08001ed8   0x00000018   Code   RO         3462    i.TimingDelay_Decrement  bsp_systick.o
    0x08001ef0   0x08001ef0   0x00000004   Code   RO         3164    i.UsageFault_Handler  stm32f10x_it.o
    0x08001ef4   0x08001ef4   0x00000134   Code   RO         3237    i._AfterDrop        tetris.o
    0x08002028   0x08002028   0x000000ec   Code   RO         3238    i._CalculateGridLine  tetris.o
    0x08002114   0x08002114   0x00000050   Code   RO         3239    i._DetectCollision  tetris.o
    0x08002164   0x08002164   0x000002b0   Code   RO         3240    i._Draw             tetris.o
    0x08002414   0x08002414   0x00000188   Code   RO         3241    i._FastDrop         tetris.o
    0x0800259c   0x0800259c   0x00000080   Code   RO         3242    i._GetBlockRealPos  tetris.o
    0x0800261c   0x0800261c   0x000000d0   Code   RO         3243    i._InitializeGameState  tetris.o
    0x080026ec   0x080026ec   0x00000068   Code   RO         3244    i._Input            tetris.o
    0x08002754   0x08002754   0x000000f4   Code   RO         3245    i._SaveSwitch       tetris.o
    0x08002848   0x08002848   0x00000068   Code   RO         3246    i._Time             tetris.o
    0x080028b0   0x080028b0   0x00000188   Code   RO         3247    i._TryMoveCurrent   tetris.o
    0x08002a38   0x08002a38   0x000001b4   Code   RO         3248    i._TryRotateCurrent  tetris.o
    0x08002bec   0x08002bec   0x00000068   Code   RO         3249    i._UpdateNext       tetris.o
    0x08002c54   0x08002c54   0x000000d8   Code   RO         3695    i._UpdateNums       gui.o
    0x08002d2c   0x08002d2c   0x00000028   Code   RO         3845    i.__ARM_fpclassify  m_ws.l(fpclassify.o)
    0x08002d54   0x08002d54   0x000000aa   Code   RO         3857    i.__kernel_poly     m_ws.l(poly.o)
    0x08002dfe   0x08002dfe   0x00000002   PAD
    0x08002e00   0x08002e00   0x00000010   Code   RO         3831    i.__mathlib_dbl_divzero  m_ws.l(dunder.o)
    0x08002e10   0x08002e10   0x00000006   Code   RO         3832    i.__mathlib_dbl_infnan  m_ws.l(dunder.o)
    0x08002e16   0x08002e16   0x00000004   Code   RO         3833    i.__mathlib_dbl_infnan2  m_ws.l(dunder.o)
    0x08002e1a   0x08002e1a   0x0000000c   Code   RO         3834    i.__mathlib_dbl_invalid  m_ws.l(dunder.o)
    0x08002e26   0x08002e26   0x0000000e   Code   RO         3835    i.__mathlib_dbl_overflow  m_ws.l(dunder.o)
    0x08002e34   0x08002e34   0x00000010   Code   RO         3837    i.__mathlib_dbl_underflow  m_ws.l(dunder.o)
    0x08002e44   0x08002e44   0x0000000e   Code   RO         3914    i.__scatterload_copy  mc_w.l(handlers.o)
    0x08002e52   0x08002e52   0x00000002   Code   RO         3915    i.__scatterload_null  mc_w.l(handlers.o)
    0x08002e54   0x08002e54   0x0000000e   Code   RO         3916    i.__scatterload_zeroinit  mc_w.l(handlers.o)
    0x08002e62   0x08002e62   0x00000002   PAD
    0x08002e64   0x08002e64   0x0000000c   Code   RO         3894    i.__set_errno       mc_w.l(errno.o)
    0x08002e70   0x08002e70   0x00000020   Code   RO         3099    i.exception         main.o
    0x08002e90   0x08002e90   0x00000050   Code   RO         3791    i.free              mc_w.l(malloc.o)
    0x08002ee0   0x08002ee0   0x0000035c   Code   RO         3848    i.log               m_ws.l(log.o)
    0x0800323c   0x0800323c   0x000000e4   Code   RO         3766    i.log10             m_ws.l(log10.o)
    0x08003320   0x08003320   0x0000007c   Code   RO         3100    i.main              main.o
    0x0800339c   0x0800339c   0x0000006c   Code   RO         3792    i.malloc            mc_w.l(malloc.o)
    0x08003408   0x08003408   0x000009d8   Code   RO         3774    i.pow               m_ws.l(pow.o)
    0x08003de0   0x08003de0   0x0000004c   Code   RO         3861    i.sqrt              m_ws.l(sqrt.o)
    0x08003e2c   0x08003e2c   0x00000004   PAD
    0x08003e30   0x08003e30   0x000000ce   Data   RO         3251    .constdata          tetris.o
    0x08003efe   0x08003efe   0x000000a2   Data   RO         3500    .constdata          paj7620u2.o
    0x08003fa0   0x08003fa0   0x00000032   Data   RO         3697    .constdata          gui.o
    0x08003fd2   0x08003fd2   0x00000006   PAD
    0x08003fd8   0x08003fd8   0x00000088   Data   RO         3775    .constdata          m_ws.l(pow.o)
    0x08004060   0x08004060   0x00000038   Data   RO         3849    .constdata          m_ws.l(log.o)
    0x08004098   0x08004098   0x00000008   Data   RO         3859    .constdata          m_ws.l(qnan.o)
    0x080040a0   0x080040a0   0x00000020   Data   RO         3912    Region$$Table       anon$$obj.o


    Execution Region RW_IRAM1 (Exec base: 0x20000000, Load base: 0x080040c0, Size: 0x000016a8, Max: 0x00005000, ABSOLUTE, COMPRESSED[0x0000024c])

    Exec Addr    Load Addr    Size         Type   Attr      Idx    E Section Name        Object

    0x20000000   COMPRESSED   0x00000014   Data   RW           14    .data               system_stm32f10x.o
    0x20000014   COMPRESSED   0x00000018   Data   RW         3252    .data               tetris.o
    0x2000002c   COMPRESSED   0x00000004   Data   RW         3363    .data               bsp_iic_debug.o
    0x20000030   COMPRESSED   0x00000c00   Data   RW         3416    .data               oled.o
    0x20000c30   COMPRESSED   0x00000004   Data   RW         3463    .data               bsp_systick.o
    0x20000c34   COMPRESSED   0x00000001   Data   RW         3501    .data               paj7620u2.o
    0x20000c35   COMPRESSED   0x00000001   Data   RW         3563    .data               input.o
    0x20000c36   COMPRESSED   0x00000003   Data   RW         3625    .data               led_extension.o
    0x20000c39   COMPRESSED   0x00000002   Data   RW         3698    .data               gui.o
    0x20000c3b   COMPRESSED   0x00000001   PAD
    0x20000c3c   COMPRESSED   0x00000004   Data   RW         3789    .data               mc_w.l(rand.o)
    0x20000c40   COMPRESSED   0x00000004   Data   RW         3890    .data               mc_w.l(mvars.o)
    0x20000c44   COMPRESSED   0x00000004   Data   RW         3891    .data               mc_w.l(mvars.o)
    0x20000c48   COMPRESSED   0x00000004   Data   RW         3895    .data               mc_w.l(errno.o)
    0x20000c4c        -       0x00000030   Zero   RW         3250    .bss                tetris.o
    0x20000c7c   COMPRESSED   0x00000004   PAD
    0x20000c80        -       0x00000410   Zero   RW         3415    .bss                oled.o
    0x20001090        -       0x00000018   Zero   RW         3696    .bss                gui.o
    0x200010a8        -       0x00000200   Zero   RW            2    HEAP                startup_stm32f10x_md.o
    0x200012a8        -       0x00000400   Zero   RW            1    STACK               startup_stm32f10x_md.o


==============================================================================

Image component sizes


      Code (inc. data)   RO Data    RW Data    ZI Data      Debug   Object Name

       368         28          0          0          0       1738   adcmod.o
       172          6          0          0          0       1877   bsp_gpio_led.o
       426         38          0          4          0       4219   bsp_iic_debug.o
       152         22          0          4          0      17162   bsp_systick.o
       444         46         50          2         24       2991   gui.o
       156         12          0          1          0       1988   input.o
       220         26          0          3          0       1590   led_extension.o
       184          8          0          0          0       1795   main.o
       132         22          0          0          0       1607   misc.o
      1110         56          0       3072       1040       4127   oled.o
       906         56        162          1          0       5329   paj7620u2.o
       162          0          0          0          0       1759   random.o
        36          8        236          0       1536        912   startup_stm32f10x_md.o
       400         10          0          0          0       8813   stm32f10x_adc.o
       200         18          0          0          0       2204   stm32f10x_exti.o
       350          4          0          0          0       3758   stm32f10x_gpio.o
       100          0          0          0          0       4641   stm32f10x_it.o
        64         12          0          0          0       1178   stm32f10x_rcc.o
       218         42          0          0          0       3532   stm32f10x_tim.o
       328         28          0         20          0     259925   system_stm32f10x.o
      3552        362        206         24         48      11666   tetris.o
       120          0          0          0          0        946   tim2.o

    ----------------------------------------------------------------------
      9816        804        692       3132       2652     343757   Object Totals
         0          0         32          0          0          0   (incl. Generated)
        16          0          6          1          4          0   (incl. Padding)

    ----------------------------------------------------------------------

      Code (inc. data)   RO Data    RW Data    ZI Data      Debug   Library Member Name

        68         10          0          0          0        408   dunder.o
        40          0          0          0          0         68   fpclassify.o
       860         52         56          0          0        256   log.o
       228         30          0          0          0        120   log10.o
       170          0          0          0          0         96   poly.o
      2520        190        136          0          0        324   pow.o
         0          0          8          0          0          0   qnan.o
        76          0          0          0          0         84   sqrt.o
        86          0          0          0          0          0   __dczerorl2.o
         0          0          0          0          0          0   entry.o
         0          0          0          0          0          0   entry10a.o
         0          0          0          0          0          0   entry11a.o
         8          4          0          0          0          0   entry2.o
         4          0          0          0          0          0   entry5.o
         0          0          0          0          0          0   entry7b.o
         0          0          0          0          0          0   entry8b.o
         8          4          0          0          0          0   entry9a.o
        12          6          0          4          0         68   errno.o
        30          0          0          0          0          0   handlers.o
        36          8          0          0          0         68   init.o
         0          0          0          0          0          0   iusefp.o
        30          0          0          0          0         68   llshl.o
        36          0          0          0          0         68   llsshr.o
        32          0          0          0          0         68   llushr.o
       188         20          0          0          0        160   malloc.o
         0          0          0          8          0          0   mvars.o
        36         10          0          4          0        136   rand.o
        48          0          0          0          0         68   cdcmple.o
        48          0          0          0          0         68   cdrcmple.o
       334          0          0          0          0        148   dadd.o
       222          0          0          0          0        100   ddiv.o
       186          0          0          0          0        176   depilogue.o
        50          0          0          0          0         76   dfixui.o
        34          0          0          0          0         76   dflti.o
        26          0          0          0          0         76   dfltui.o
       228          0          0          0          0         96   dmul.o
        46          0          0          0          0         80   dscalb.o
       162          0          0          0          0        100   dsqrt.o

    ----------------------------------------------------------------------
      5868        334        200         16          0       3056   Library Totals
        16          0          0          0          0          0   (incl. Padding)

    ----------------------------------------------------------------------

      Code (inc. data)   RO Data    RW Data    ZI Data      Debug   Library Name

      3962        282        200          0          0       1356   m_ws.l
       506         52          0         16          0        636   mc_w.l
      1384          0          0          0          0       1064   mf_w.l

    ----------------------------------------------------------------------
      5868        334        200         16          0       3056   Library Totals

    ----------------------------------------------------------------------

==============================================================================


      Code (inc. data)   RO Data    RW Data    ZI Data      Debug   

     15684       1138        892       3148       2652     340493   Grand Totals
     15684       1138        892        588       2652     340493   ELF Image Totals (compressed)
     15684       1138        892        588          0          0   ROM Totals

==============================================================================

    Total RO  Size (Code + RO Data)                16576 (  16.19kB)
    Total RW  Size (RW Data + ZI Data)              5800 (   5.66kB)
    Total ROM Size (Code + RO Data + RW Data)      17164 (  16.76kB)

==============================================================================

