<html>
<body>
<pre>
<h1>礦ision Build Log</h1>
<h2>Tool Versions:</h2>
IDE-Version: μVision V5.29.0.0
Copyright (C) 2019 ARM Ltd and ARM Germany GmbH. All rights reserved.
License Information: 暗色调 火紅之葉, 暗色调, LIC=HN0AE-5D5J9-63WMB-28UQT-8AHNP-E5DZT
 
Tool Versions:
Toolchain:       MDK-ARM Plus  Version: 5.29.0.0
Toolchain Path:  D:\Arm\Keil_v5\ARM\ARMCC\Bin
C Compiler:      Armcc.exe V5.06 update 6 (build 750)
Assembler:       Armasm.exe V5.06 update 6 (build 750)
Linker/Locator:  ArmLink.exe V5.06 update 6 (build 750)
Library Manager: ArmAr.exe V5.06 update 6 (build 750)
Hex Converter:   FromElf.exe V5.06 update 6 (build 750)
CPU DLL:         SARMCM3.DLL V5.29.0.0
Dialog DLL:      DCM.DLL V1.17.3.0
Target DLL:      CMSIS_AGDI.dll V1.32.0.0
Dialog DLL:      TCM.DLL V1.36.5.0
 
<h2>Project:</h2>
D:\Documents\project\Stm32\Tetris\Project\Fire_F103.uvprojx
Project File Date:  12/20/2024

<h2>Output:</h2>
*** Using Compiler 'V5.06 update 6 (build 750)', folder: 'D:\Arm\Keil_v5\ARM\ARMCC\Bin'
Build target 'Tetris'
compiling tetris.c...
..\User\tetris.c(43): warning:  #161-D: unrecognized #pragma
  #pragma region ?????????
..\User\tetris.c(102): warning:  #161-D: unrecognized #pragma
  #pragma endregion
..\User\tetris.c(104): warning:  #161-D: unrecognized #pragma
  #pragma region ????????????
..\User\tetris.c(117): warning:  #161-D: unrecognized #pragma
  #pragma endregion
..\User\tetris.c(207): warning:  #161-D: unrecognized #pragma
  #pragma region ???????�????
..\User\tetris.c(224): warning:  #188-D: enumerated type mixed with another type
              _savedBlock = (_savedBlock+1)%8;
..\User\tetris.c(228): warning:  #188-D: enumerated type mixed with another type
              _savedBlock = (_savedBlock+7)%8;
..\User\tetris.c(232): warning:  #188-D: enumerated type mixed with another type
              _nextBlock = (_nextBlock+7)%8;
..\User\tetris.c(236): warning:  #188-D: enumerated type mixed with another type
              _nextBlock = (_nextBlock+1)%8;
..\User\tetris.c(315): warning:  #161-D: unrecognized #pragma
  #pragma endregion
..\User\tetris.c(317): warning:  #161-D: unrecognized #pragma
  #pragma region ????????????&??????
..\User\tetris.c(397): warning:  #161-D: unrecognized #pragma
  #pragma endregion
..\User\tetris.c(39): warning:  #550-D: variable "_fastDrop"  was set but never used
  static uint8_t _fastDrop;        // ????????????????�??????????????????????
..\User\tetris.c: 13 warnings, 0 errors
linking...
Program Size: Code=7476 RO-data=636 RW-data=1092 ZI-data=2108  
FromELF: creating hex file...
".\Objects\Fire_F103.axf" - 0 Error(s), 13 Warning(s).

<h2>Software Packages used:</h2>

Package Vendor: Keil
                http://www.keil.com/pack/Keil.STM32F1xx_DFP.1.1.0.pack
                Keil.STM32F1xx_DFP.1.1.0
                STMicroelectronics STM32F1 Series Device Support, Drivers and Examples

<h2>Collection of Component include folders:</h2>
  .\RTE\_Tetris
  D:\Arm\Packs\Keil\STM32F1xx_DFP\1.1.0\Device\Include

<h2>Collection of Component Files used:</h2>
Build Time Elapsed:  00:00:02
</pre>
</body>
</html>
