<html>
<body>
<pre>
<h1>礦ision Build Log</h1>
<h2>Tool Versions:</h2>
IDE-Version: μVision V5.29.0.0
Copyright (C) 2019 ARM Ltd and ARM Germany GmbH. All rights reserved.
License Information: 暗色调 火紅之葉, 暗色调, LIC=HN0AE-5D5J9-63WMB-28UQT-8AHNP-E5DZT
 
Tool Versions:
Toolchain:       MDK-ARM Plus  Version: 5.29.0.0
Toolchain Path:  D:\Arm\Keil_v5\ARM\ARMCC\Bin
C Compiler:      Armcc.exe V5.06 update 6 (build 750)
Assembler:       Armasm.exe V5.06 update 6 (build 750)
Linker/Locator:  ArmLink.exe V5.06 update 6 (build 750)
Library Manager: ArmAr.exe V5.06 update 6 (build 750)
Hex Converter:   FromElf.exe V5.06 update 6 (build 750)
CPU DLL:         SARMCM3.DLL V5.29.0.0
Dialog DLL:      DCM.DLL V1.17.3.0
Target DLL:      CMSIS_AGDI.dll V1.32.0.0
Dialog DLL:      TCM.DLL V1.36.5.0
 
<h2>Project:</h2>
D:\Documents\project\Stm32\Tetris\Project\Fire_F103.uvprojx
Project File Date:  12/20/2024

<h2>Output:</h2>
*** Using Compiler 'V5.06 update 6 (build 750)', folder: 'D:\Arm\Keil_v5\ARM\ARMCC\Bin'
Build target 'Tetris'
compiling tim2.c...
compiling main.c...
compiling tetris.c...
..\User\tetris.c(45): warning:  #161-D: unrecognized #pragma
  #pragma region ?????????
..\User\tetris.c(107): warning:  #161-D: unrecognized #pragma
  #pragma endregion
..\User\tetris.c(109): warning:  #161-D: unrecognized #pragma
  #pragma region ????????????
..\User\tetris.c(122): warning:  #161-D: unrecognized #pragma
  #pragma endregion
..\User\tetris.c(159): warning:  #940-D: missing return statement at end of non-void function "Tetris_MainGameLoop" 
  }
..\User\tetris.c(200): warning:  #161-D: unrecognized #pragma
  #pragma region ???????�????
..\User\tetris.c(484): warning:  #161-D: unrecognized #pragma
  #pragma endregion
..\User\tetris.c(486): warning:  #161-D: unrecognized #pragma
  #pragma region ????????????&??????
..\User\tetris.c(583): warning:  #161-D: unrecognized #pragma
  #pragma endregion
..\User\tetris.c: 9 warnings, 0 errors
linking...
Program Size: Code=13284 RO-data=780 RW-data=1100 ZI-data=2628  
FromELF: creating hex file...
".\Objects\Fire_F103.axf" - 0 Error(s), 9 Warning(s).

<h2>Software Packages used:</h2>

Package Vendor: Keil
                http://www.keil.com/pack/Keil.STM32F1xx_DFP.1.1.0.pack
                Keil.STM32F1xx_DFP.1.1.0
                STMicroelectronics STM32F1 Series Device Support, Drivers and Examples

<h2>Collection of Component include folders:</h2>
  .\RTE\_Tetris
  D:\Arm\Packs\Keil\STM32F1xx_DFP\1.1.0\Device\Include

<h2>Collection of Component Files used:</h2>
Build Time Elapsed:  00:00:01
</pre>
</body>
</html>
